Archive member included to satisfy reference by file (symbol)

/usr/lib/x86_64-linux-gnu/libc_nonshared.a(elf-init.oS)
                              /usr/lib/gcc/x86_64-linux-gnu/9/../../../x86_64-linux-gnu/Scrt1.o (__libc_csu_init)

Merging program properties


As-needed library included to satisfy reference by file (symbol)

libstdc++.so.6                test.o (std::__throw_length_error(char const*)@@GLIBCXX_3.4)
libgcc_s.so.1                 test.o (_Unwind_Resume@@GCC_3.0)
libc.so.6                     test.o (__stack_chk_fail@@GLIBC_2.4)

Discarded input sections

 .note.GNU-stack
                0x0000000000000000        0x0 /usr/lib/gcc/x86_64-linux-gnu/9/../../../x86_64-linux-gnu/Scrt1.o
 .note.gnu.property
                0x0000000000000000       0x20 /usr/lib/gcc/x86_64-linux-gnu/9/../../../x86_64-linux-gnu/crti.o
 .note.GNU-stack
                0x0000000000000000        0x0 /usr/lib/gcc/x86_64-linux-gnu/9/../../../x86_64-linux-gnu/crti.o
 .note.GNU-stack
                0x0000000000000000        0x0 /usr/lib/gcc/x86_64-linux-gnu/9/crtbeginS.o
 .note.gnu.property
                0x0000000000000000       0x20 /usr/lib/gcc/x86_64-linux-gnu/9/crtbeginS.o
 .group         0x0000000000000000        0x8 test.o
 .group         0x0000000000000000        0x8 test.o
 .group         0x0000000000000000        0x8 test.o
 .group         0x0000000000000000        0x8 test.o
 .group         0x0000000000000000        0x8 test.o
 .group         0x0000000000000000        0x8 test.o
 .group         0x0000000000000000        0x8 test.o
 .group         0x0000000000000000        0x8 test.o
 .group         0x0000000000000000        0x8 test.o
 .group         0x0000000000000000        0xc test.o
 .group         0x0000000000000000        0xc test.o
 .group         0x0000000000000000        0xc test.o
 .group         0x0000000000000000        0xc test.o
 .group         0x0000000000000000        0xc test.o
 .group         0x0000000000000000        0xc test.o
 .group         0x0000000000000000        0xc test.o
 .group         0x0000000000000000        0xc test.o
 .group         0x0000000000000000        0xc test.o
 .group         0x0000000000000000        0xc test.o
 .group         0x0000000000000000       0x10 test.o
 .group         0x0000000000000000        0x8 test.o
 .group         0x0000000000000000        0x8 test.o
 .group         0x0000000000000000        0xc test.o
 .group         0x0000000000000000        0xc test.o
 .group         0x0000000000000000        0xc test.o
 .group         0x0000000000000000        0xc test.o
 .group         0x0000000000000000        0xc test.o
 .group         0x0000000000000000        0xc test.o
 .group         0x0000000000000000        0xc test.o
 .group         0x0000000000000000        0x8 test.o
 .group         0x0000000000000000        0x8 test.o
 .group         0x0000000000000000        0xc test.o
 .group         0x0000000000000000        0xc test.o
 .group         0x0000000000000000        0x8 test.o
 .group         0x0000000000000000        0xc test.o
 .group         0x0000000000000000        0xc test.o
 .group         0x0000000000000000        0xc test.o
 .group         0x0000000000000000        0xc test.o
 .group         0x0000000000000000        0xc test.o
 .group         0x0000000000000000        0xc test.o
 .group         0x0000000000000000        0xc test.o
 .group         0x0000000000000000        0xc test.o
 .group         0x0000000000000000        0x8 test.o
 .group         0x0000000000000000        0x8 test.o
 .group         0x0000000000000000        0x8 test.o
 .group         0x0000000000000000        0x8 test.o
 .group         0x0000000000000000        0xc test.o
 .group         0x0000000000000000        0xc test.o
 .group         0x0000000000000000        0x8 test.o
 .group         0x0000000000000000        0x8 test.o
 .group         0x0000000000000000        0xc test.o
 .group         0x0000000000000000        0x8 test.o
 .group         0x0000000000000000        0xc test.o
 .group         0x0000000000000000        0xc test.o
 .group         0x0000000000000000        0xc test.o
 .group         0x0000000000000000        0x8 test.o
 .group         0x0000000000000000        0xc test.o
 .group         0x0000000000000000        0xc test.o
 .group         0x0000000000000000        0xc test.o
 .group         0x0000000000000000        0xc test.o
 .group         0x0000000000000000        0x8 test.o
 .group         0x0000000000000000        0xc test.o
 .group         0x0000000000000000        0x8 test.o
 .group         0x0000000000000000        0xc test.o
 .group         0x0000000000000000        0xc test.o
 .group         0x0000000000000000        0x8 test.o
 .group         0x0000000000000000        0x8 test.o
 .group         0x0000000000000000        0x8 test.o
 .group         0x0000000000000000        0xc test.o
 .group         0x0000000000000000        0xc test.o
 .group         0x0000000000000000        0xc test.o
 .group         0x0000000000000000        0xc test.o
[...]
Memory Configuration

Name             Origin             Length             Attributes
*default*        0x0000000000000000 0xffffffffffffffff

Linker script and memory map

LOAD /usr/lib/gcc/x86_64-linux-gnu/9/../../../x86_64-linux-gnu/Scrt1.o
LOAD /usr/lib/gcc/x86_64-linux-gnu/9/../../../x86_64-linux-gnu/crti.o
LOAD /usr/lib/gcc/x86_64-linux-gnu/9/crtbeginS.o
LOAD test.o
LOAD /usr/lib/gcc/x86_64-linux-gnu/9/libstdc++.so
LOAD /usr/lib/gcc/x86_64-linux-gnu/9/../../../x86_64-linux-gnu/libm.so
START GROUP
LOAD /lib/x86_64-linux-gnu/libm.so.6
LOAD /lib/x86_64-linux-gnu/libmvec.so.1
END GROUP
LOAD /usr/lib/gcc/x86_64-linux-gnu/9/libgcc_s.so
START GROUP
LOAD /usr/lib/gcc/x86_64-linux-gnu/9/../../../x86_64-linux-gnu/libgcc_s.so.1
LOAD /usr/lib/gcc/x86_64-linux-gnu/9/libgcc.a
END GROUP
LOAD /usr/lib/gcc/x86_64-linux-gnu/9/libgcc.a
LOAD /usr/lib/gcc/x86_64-linux-gnu/9/../../../x86_64-linux-gnu/libc.so
START GROUP
LOAD /lib/x86_64-linux-gnu/libc.so.6
LOAD /usr/lib/x86_64-linux-gnu/libc_nonshared.a
LOAD /lib/x86_64-linux-gnu/ld-linux-x86-64.so.2
END GROUP
LOAD /usr/lib/gcc/x86_64-linux-gnu/9/libgcc_s.so
START GROUP
LOAD /usr/lib/gcc/x86_64-linux-gnu/9/../../../x86_64-linux-gnu/libgcc_s.so.1
LOAD /usr/lib/gcc/x86_64-linux-gnu/9/libgcc.a
END GROUP
LOAD /usr/lib/gcc/x86_64-linux-gnu/9/libgcc.a
LOAD /usr/lib/gcc/x86_64-linux-gnu/9/crtendS.o
LOAD /usr/lib/gcc/x86_64-linux-gnu/9/../../../x86_64-linux-gnu/crtn.o
                [!provide]                        PROVIDE (__executable_start = SEGMENT_START ("text-segment", 0x0))
                0x0000000000000318                . = (SEGMENT_START ("text-segment", 0x0) + SIZEOF_HEADERS)

.interp         0x0000000000000318       0x1c
 *(.interp)
 .interp        0x0000000000000318       0x1c /usr/lib/gcc/x86_64-linux-gnu/9/../../../x86_64-linux-gnu/Scrt1.o

.note.gnu.property
                0x0000000000000338       0x20
 .note.gnu.property
                0x0000000000000338       0x20 /usr/lib/gcc/x86_64-linux-gnu/9/../../../x86_64-linux-gnu/Scrt1.o

.note.gnu.build-id
                0x0000000000000358       0x24
 *(.note.gnu.build-id)
 .note.gnu.build-id
                0x0000000000000358       0x24 /usr/lib/gcc/x86_64-linux-gnu/9/../../../x86_64-linux-gnu/Scrt1.o

.note.ABI-tag   0x000000000000037c       0x20
 .note.ABI-tag  0x000000000000037c       0x20 /usr/lib/gcc/x86_64-linux-gnu/9/../../../x86_64-linux-gnu/Scrt1.o

.hash
 *(.hash)

.gnu.hash       0x00000000000003a0       0x28
 *(.gnu.hash)
 .gnu.hash      0x00000000000003a0       0x28 /usr/lib/gcc/x86_64-linux-gnu/9/../../../x86_64-linux-gnu/Scrt1.o

.dynsym         0x00000000000003c8      0x288
 *(.dynsym)
 .dynsym        0x00000000000003c8      0x288 /usr/lib/gcc/x86_64-linux-gnu/9/../../../x86_64-linux-gnu/Scrt1.o

.dynstr         0x0000000000000650      0x299
 *(.dynstr)
 .dynstr        0x0000000000000650      0x299 /usr/lib/gcc/x86_64-linux-gnu/9/../../../x86_64-linux-gnu/Scrt1.o

.gnu.version    0x00000000000008ea       0x36
 *(.gnu.version)
 .gnu.version   0x00000000000008ea       0x36 /usr/lib/gcc/x86_64-linux-gnu/9/../../../x86_64-linux-gnu/Scrt1.o

.gnu.version_d  0x0000000000000920        0x0
 *(.gnu.version_d)
 .gnu.version_d
                0x0000000000000920        0x0 /usr/lib/gcc/x86_64-linux-gnu/9/../../../x86_64-linux-gnu/Scrt1.o

.gnu.version_r  0x0000000000000920       0x90
 *(.gnu.version_r)
 .gnu.version_r
                0x0000000000000920       0x90 /usr/lib/gcc/x86_64-linux-gnu/9/../../../x86_64-linux-gnu/Scrt1.o

.rela.dyn       0x00000000000009b0      0x138
 *(.rela.init)
 *(.rela.text .rela.text.* .rela.gnu.linkonce.t.*)
 .rela.text     0x00000000000009b0        0x0 /usr/lib/gcc/x86_64-linux-gnu/9/../../../x86_64-linux-gnu/Scrt1.o
 *(.rela.fini)
 *(.rela.rodata .rela.rodata.* .rela.gnu.linkonce.r.*)
 *(.rela.data .rela.data.* .rela.gnu.linkonce.d.*)
 .rela.data.rel.ro
                0x00000000000009b0        0x0 /usr/lib/gcc/x86_64-linux-gnu/9/../../../x86_64-linux-gnu/Scrt1.o
 .rela.data.rel.local
                0x00000000000009b0       0x18 /usr/lib/gcc/x86_64-linux-gnu/9/../../../x86_64-linux-gnu/Scrt1.o
 .rela.data.rel.local.DW.ref.__gxx_personality_v0
                0x00000000000009c8       0x18 /usr/lib/gcc/x86_64-linux-gnu/9/../../../x86_64-linux-gnu/Scrt1.o
 *(.rela.tdata .rela.tdata.* .rela.gnu.linkonce.td.*)
 *(.rela.tbss .rela.tbss.* .rela.gnu.linkonce.tb.*)
 *(.rela.ctors)
 *(.rela.dtors)
 *(.rela.got)
 .rela.got      0x00000000000009e0       0xa8 /usr/lib/gcc/x86_64-linux-gnu/9/../../../x86_64-linux-gnu/Scrt1.o
 *(.rela.bss .rela.bss.* .rela.gnu.linkonce.b.*)
 .rela.bss      0x0000000000000a88       0x18 /usr/lib/gcc/x86_64-linux-gnu/9/../../../x86_64-linux-gnu/Scrt1.o
 *(.rela.ldata .rela.ldata.* .rela.gnu.linkonce.l.*)
 *(.rela.lbss .rela.lbss.* .rela.gnu.linkonce.lb.*)
 *(.rela.lrodata .rela.lrodata.* .rela.gnu.linkonce.lr.*)
 *(.rela.ifunc)
 .rela.ifunc    0x0000000000000aa0        0x0 /usr/lib/gcc/x86_64-linux-gnu/9/../../../x86_64-linux-gnu/Scrt1.o
 .rela.fini_array
                0x0000000000000aa0       0x18 /usr/lib/gcc/x86_64-linux-gnu/9/../../../x86_64-linux-gnu/Scrt1.o
 .rela.init_array
                0x0000000000000ab8       0x30 /usr/lib/gcc/x86_64-linux-gnu/9/../../../x86_64-linux-gnu/Scrt1.o
 .rela.eh_frame
                0x0000000000000ae8        0x0 /usr/lib/gcc/x86_64-linux-gnu/9/../../../x86_64-linux-gnu/Scrt1.o

.rela.plt       0x0000000000000ae8      0x198
 *(.rela.plt)
 .rela.plt      0x0000000000000ae8      0x198 /usr/lib/gcc/x86_64-linux-gnu/9/../../../x86_64-linux-gnu/Scrt1.o
 *(.rela.iplt)
                0x0000000000001000                . = ALIGN (CONSTANT (MAXPAGESIZE))

.init           0x0000000000001000       0x1b
 *(SORT_NONE(.init))
 .init          0x0000000000001000       0x16 /usr/lib/gcc/x86_64-linux-gnu/9/../../../x86_64-linux-gnu/crti.o
                0x0000000000001000                _init
 .init          0x0000000000001016        0x5 /usr/lib/gcc/x86_64-linux-gnu/9/../../../x86_64-linux-gnu/crtn.o

.plt            0x0000000000001020      0x120
 *(.plt)
 .plt           0x0000000000001020      0x120 /usr/lib/gcc/x86_64-linux-gnu/9/../../../x86_64-linux-gnu/Scrt1.o
 *(.iplt)

.plt.got        0x0000000000001140       0x10
 *(.plt.got)
 .plt.got       0x0000000000001140       0x10 /usr/lib/gcc/x86_64-linux-gnu/9/../../../x86_64-linux-gnu/Scrt1.o
                0x0000000000001140                __cxa_finalize@@GLIBC_2.2.5

.plt.sec        0x0000000000001150      0x110
 *(.plt.sec)
 .plt.sec       0x0000000000001150      0x110 /usr/lib/gcc/x86_64-linux-gnu/9/../../../x86_64-linux-gnu/Scrt1.o
                0x0000000000001150                std::__throw_bad_alloc()@@GLIBCXX_3.4
                0x0000000000001160                __cxa_begin_catch@@CXXABI_1.3
                0x0000000000001170                std::__throw_length_error(char const*)@@GLIBCXX_3.4
                0x0000000000001180                memset@@GLIBC_2.2.5
                0x0000000000001190                __cxa_atexit@@GLIBC_2.2.5
                0x00000000000011a0                operator delete(void*)@@GLIBCXX_3.4
                0x00000000000011b0                std::basic_ostream<char, std::char_traits<char> >& std::operator<< <std::char_traits<char> >(std::basic_ostream<char, std::char_traits<char> >&, char const*)@@GLIBCXX_3.4
                0x00000000000011c0                operator new(unsigned long)@@GLIBCXX_3.4
                0x00000000000011d0                std::ostream::operator<<(std::ostream& (*)(std::ostream&))@@GLIBCXX_3.4
                0x00000000000011e0                __stack_chk_fail@@GLIBC_2.4
                0x00000000000011f0                std::__detail::_Prime_rehash_policy::_M_need_rehash(unsigned long, unsigned long, unsigned long) const@@GLIBCXX_3.4.18
                0x0000000000001200                __cxa_rethrow@@CXXABI_1.3
                0x0000000000001210                std::ios_base::Init::Init()@@GLIBCXX_3.4
                0x0000000000001220                memmove@@GLIBC_2.2.5
                0x0000000000001230                __cxa_end_catch@@CXXABI_1.3
                0x0000000000001240                std::ostream::operator<<(int)@@GLIBCXX_3.4
                0x0000000000001250                _Unwind_Resume@@GCC_3.0

.text           0x0000000000001260     0x3ea5
 *(.text.unlikely .text.*_unlikely .text.unlikely.*)
 *(.text.exit .text.exit.*)
 *(.text.startup .text.startup.*)
 *(.text.hot .text.hot.*)
 *(SORT_BY_NAME(.text.sorted.*))
 *(.text .stub .text.* .gnu.linkonce.t.*)
 .text          0x0000000000001260       0x2f /usr/lib/gcc/x86_64-linux-gnu/9/../../../x86_64-linux-gnu/Scrt1.o
                0x0000000000001260                _start
 .text          0x000000000000128f        0x0 /usr/lib/gcc/x86_64-linux-gnu/9/../../../x86_64-linux-gnu/crti.o
 *fill*         0x000000000000128f        0x1 
 .text          0x0000000000001290       0xb9 /usr/lib/gcc/x86_64-linux-gnu/9/crtbeginS.o
 .text          0x0000000000001349      0x247 test.o
                0x0000000000001349                main
 .text._ZnwmPv  0x0000000000001590       0x16 test.o
                0x0000000000001590                operator new(unsigned long, void*)
 .text._ZdlPvS_
                0x00000000000015a6       0x13 test.o
                0x00000000000015a6                operator delete(void*, void*)
 *fill*         0x00000000000015b9        0x1 
 .text._ZNKSt4hashIiEclEi
                0x00000000000015ba       0x16 test.o
                0x00000000000015ba                std::hash<int>::operator()(int) const
 .text._ZNSt8__detail15_Hash_node_baseC2Ev
                0x00000000000015d0       0x1a test.o
                0x00000000000015d0                std::__detail::_Hash_node_base::_Hash_node_base()
                0x00000000000015d0                std::__detail::_Hash_node_base::_Hash_node_base()
 .text._ZNKSt8__detail18_Mod_range_hashingclEmm
                0x00000000000015ea       0x26 test.o
                0x00000000000015ea                std::__detail::_Mod_range_hashing::operator()(unsigned long, unsigned long) const
 .text._ZNSt8__detail20_Prime_rehash_policyC2Ef
                0x0000000000001610       0x2d test.o
                0x0000000000001610                std::__detail::_Prime_rehash_policy::_Prime_rehash_policy(float)
                0x0000000000001610                std::__detail::_Prime_rehash_policy::_Prime_rehash_policy(float)
 *fill*         0x000000000000163d        0x1 
 .text._ZNKSt8__detail20_Prime_rehash_policy8_M_stateEv
                0x000000000000163e       0x16 test.o
                0x000000000000163e                std::__detail::_Prime_rehash_policy::_M_state() const
 .text._ZNSt8__detail20_Prime_rehash_policy8_M_resetEm
                0x0000000000001654       0x1f test.o
                0x0000000000001654                std::__detail::_Prime_rehash_policy::_M_reset(unsigned long)
 .text._ZSt3minImERKT_S2_S2_
                0x0000000000001673       0x2f test.o
                0x0000000000001673                unsigned long const& std::min<unsigned long>(unsigned long const&, unsigned long const&)
 .text._ZNSt8__detail21_Hashtable_ebo_helperILi0ESaINS_10_Hash_nodeISt4pairIKiiELb0EEEELb1EEC2Ev
                0x00000000000016a2       0x1f test.o
                0x00000000000016a2                std::__detail::_Hashtable_ebo_helper<0, std::allocator<std::__detail::_Hash_node<std::pair<int const, int>, false> >, true>::_Hashtable_ebo_helper()
                0x00000000000016a2                std::__detail::_Hashtable_ebo_helper<0, std::allocator<std::__detail::_Hash_node<std::pair<int const, int>, false> >, true>::_Hashtable_ebo_helper()
 *fill*         0x00000000000016c1        0x1 
 .text._ZNSt8__detail21_Hashtable_ebo_helperILi0ESaINS_10_Hash_nodeISt4pairIKiiELb0EEEELb1EED2Ev
                0x00000000000016c2       0x1f test.o
                0x00000000000016c2                std::__detail::_Hashtable_ebo_helper<0, std::allocator<std::__detail::_Hash_node<std::pair<int const, int>, false> >, true>::~_Hashtable_ebo_helper()
                0x00000000000016c2                std::__detail::_Hashtable_ebo_helper<0, std::allocator<std::__detail::_Hash_node<std::pair<int const, int>, false> >, true>::~_Hashtable_ebo_helper()
 *fill*         0x00000000000016e1        0x1 
 .text._ZNSt8__detail16_Hashtable_allocISaINS_10_Hash_nodeISt4pairIKiiELb0EEEEEC2Ev
                0x00000000000016e2       0x1f test.o
                0x00000000000016e2                std::__detail::_Hashtable_alloc<std::allocator<std::__detail::_Hash_node<std::pair<int const, int>, false> > >::_Hashtable_alloc()
                0x00000000000016e2                std::__detail::_Hashtable_alloc<std::allocator<std::__detail::_Hash_node<std::pair<int const, int>, false> > >::_Hashtable_alloc()
 *fill*         0x0000000000001701        0x1 
 .text._ZNSt8__detail16_Hashtable_allocISaINS_10_Hash_nodeISt4pairIKiiELb0EEEEED2Ev
                0x0000000000001702       0x1f test.o
                0x0000000000001702                std::__detail::_Hashtable_alloc<std::allocator<std::__detail::_Hash_node<std::pair<int const, int>, false> > >::~_Hashtable_alloc()
                0x0000000000001702                std::__detail::_Hashtable_alloc<std::allocator<std::__detail::_Hash_node<std::pair<int const, int>, false> > >::~_Hashtable_alloc()
 *fill*         0x0000000000001721        0x1 
 .text._ZNSt10_HashtableIiSt4pairIKiiESaIS2_ENSt8__detail10_Select1stESt8equal_toIiESt4hashIiENS4_18_Mod_range_hashingENS4_20_Default_ranged_hashENS4_20_Prime_rehash_policyENS4_17_Hashtable_traitsILb0ELb0ELb1EEEEC2Ev
                0x0000000000001722       0x7a test.o
                0x0000000000001722                std::_Hashtable<int, std::pair<int const, int>, std::allocator<std::pair<int const, int> >, std::__detail::_Select1st, std::equal_to<int>, std::hash<int>, std::__detail::_Mod_range_hashing, std::__detail::_Default_ranged_hash, std::__detail::_Prime_rehash_policy, std::__detail::_Hashtable_traits<false, false, true> >::_Hashtable()
                0x0000000000001722                std::_Hashtable<int, std::pair<int const, int>, std::allocator<std::pair<int const, int> >, std::__detail::_Select1st, std::equal_to<int>, std::hash<int>, std::__detail::_Mod_range_hashing, std::__detail::_Default_ranged_hash, std::__detail::_Prime_rehash_policy, std::__detail::_Hashtable_traits<false, false, true> >::_Hashtable()
 .text._ZNSt13unordered_mapIiiSt4hashIiESt8equal_toIiESaISt4pairIKiiEEEC2Ev
                0x000000000000179c       0x1f test.o
                0x000000000000179c                std::unordered_map<int, int, std::hash<int>, std::equal_to<int>, std::allocator<std::pair<int const, int> > >::unordered_map()
                0x000000000000179c                std::unordered_map<int, int, std::hash<int>, std::equal_to<int>, std::allocator<std::pair<int const, int> > >::unordered_map()
 *fill*         0x00000000000017bb        0x1 
 .text._ZNSt13unordered_mapIiiSt4hashIiESt8equal_toIiESaISt4pairIKiiEEED2Ev
                0x00000000000017bc       0x1f test.o
                0x00000000000017bc                std::unordered_map<int, int, std::hash<int>, std::equal_to<int>, std::allocator<std::pair<int const, int> > >::~unordered_map()
                0x00000000000017bc                std::unordered_map<int, int, std::hash<int>, std::equal_to<int>, std::allocator<std::pair<int const, int> > >::~unordered_map()
 *fill*         0x00000000000017db        0x1 
 .text._ZNSt12_Vector_baseIiSaIiEE12_Vector_implD2Ev
                0x00000000000017dc       0x1f test.o
                0x00000000000017dc                std::_Vector_base<int, std::allocator<int> >::_Vector_impl::~_Vector_impl()
                0x00000000000017dc                std::_Vector_base<int, std::allocator<int> >::_Vector_impl::~_Vector_impl()
 *fill*         0x00000000000017fb        0x1 
 .text._ZNSt12_Vector_baseIiSaIiEEC2Ev
                0x00000000000017fc       0x1f test.o
                0x00000000000017fc                std::_Vector_base<int, std::allocator<int> >::_Vector_base()
                0x00000000000017fc                std::_Vector_base<int, std::allocator<int> >::_Vector_base()
 *fill*         0x000000000000181b        0x1 
 .text._ZNSt6vectorIiSaIiEEC2Ev
                0x000000000000181c       0x1f test.o
                0x000000000000181c                std::vector<int, std::allocator<int> >::vector()
                0x000000000000181c                std::vector<int, std::allocator<int> >::vector()
 .text._ZN8Solution6twoSumERSt6vectorIiSaIiEEi
                0x000000000000183b      0x1c1 test.o
                0x000000000000183b                Solution::twoSum(std::vector<int, std::allocator<int> >&, int)
 .text._ZSt3maxImERKT_S2_S2_
                0x00000000000019fc       0x2f test.o
                0x00000000000019fc                unsigned long const& std::max<unsigned long>(unsigned long const&, unsigned long const&)
 .text._ZSt7forwardIiEOT_RNSt16remove_referenceIS0_E4typeE
                0x0000000000001a2b       0x12 test.o
                0x0000000000001a2b                int&& std::forward<int>(std::remove_reference<int>::type&)
 *fill*         0x0000000000001a3d        0x1 
 .text._ZNSaINSt8__detail10_Hash_nodeISt4pairIKiiELb0EEEEC2Ev
                0x0000000000001a3e       0x1f test.o
                0x0000000000001a3e                std::allocator<std::__detail::_Hash_node<std::pair<int const, int>, false> >::allocator()
                0x0000000000001a3e                std::allocator<std::__detail::_Hash_node<std::pair<int const, int>, false> >::allocator()
 *fill*         0x0000000000001a5d        0x1 
 .text._ZNSaINSt8__detail10_Hash_nodeISt4pairIKiiELb0EEEED2Ev
                0x0000000000001a5e       0x1f test.o
                0x0000000000001a5e                std::allocator<std::__detail::_Hash_node<std::pair<int const, int>, false> >::~allocator()
                0x0000000000001a5e                std::allocator<std::__detail::_Hash_node<std::pair<int const, int>, false> >::~allocator()
 *fill*         0x0000000000001a7d        0x1 
 .text._ZNSt10_HashtableIiSt4pairIKiiESaIS2_ENSt8__detail10_Select1stESt8equal_toIiESt4hashIiENS4_18_Mod_range_hashingENS4_20_Default_ranged_hashENS4_20_Prime_rehash_policyENS4_17_Hashtable_traitsILb0ELb0ELb1EEEED2Ev
                0x0000000000001a7e       0x37 test.o
                0x0000000000001a7e                std::_Hashtable<int, std::pair<int const, int>, std::allocator<std::pair<int const, int> >, std::__detail::_Select1st, std::equal_to<int>, std::hash<int>, std::__detail::_Mod_range_hashing, std::__detail::_Default_ranged_hash, std::__detail::_Prime_rehash_policy, std::__detail::_Hashtable_traits<false, false, true> >::~_Hashtable()
                0x0000000000001a7e                std::_Hashtable<int, std::pair<int const, int>, std::allocator<std::pair<int const, int> >, std::__detail::_Select1st, std::equal_to<int>, std::hash<int>, std::__detail::_Mod_range_hashing, std::__detail::_Default_ranged_hash, std::__detail::_Prime_rehash_policy, std::__detail::_Hashtable_traits<false, false, true> >::~_Hashtable()
 *fill*         0x0000000000001ab5        0x1 
 .text._ZNSt12_Vector_baseIiSaIiEE12_Vector_implC2Ev
                0x0000000000001ab6       0x2b test.o
                0x0000000000001ab6                std::_Vector_base<int, std::allocator<int> >::_Vector_impl::_Vector_impl()
                0x0000000000001ab6                std::_Vector_base<int, std::allocator<int> >::_Vector_impl::_Vector_impl()
 *fill*         0x0000000000001ae1        0x1 
 .text._ZNSaIiED2Ev
                0x0000000000001ae2       0x1f test.o
                0x0000000000001ae2                std::allocator<int>::~allocator()
                0x0000000000001ae2                std::allocator<int>::~allocator()
 *fill*         0x0000000000001b01        0x1 
 .text._ZNSt12_Vector_baseIiSaIiEED2Ev
                0x0000000000001b02       0x51 test.o
                0x0000000000001b02                std::_Vector_base<int, std::allocator<int> >::~_Vector_base()
                0x0000000000001b02                std::_Vector_base<int, std::allocator<int> >::~_Vector_base()
 *fill*         0x0000000000001b53        0x1 
 .text._ZNSt6vectorIiSaIiEED2Ev
                0x0000000000001b54       0x48 test.o
                0x0000000000001b54                std::vector<int, std::allocator<int> >::~vector()
                0x0000000000001b54                std::vector<int, std::allocator<int> >::~vector()
 .text._ZNKSt6vectorIiSaIiEE4sizeEv
                0x0000000000001b9c       0x27 test.o
                0x0000000000001b9c                std::vector<int, std::allocator<int> >::size() const
 *fill*         0x0000000000001bc3        0x1 
 .text._ZNSt6vectorIiSaIiEEixEm
                0x0000000000001bc4       0x24 test.o
                0x0000000000001bc4                std::vector<int, std::allocator<int> >::operator[](unsigned long)
 .text._ZNSt13unordered_mapIiiSt4hashIiESt8equal_toIiESaISt4pairIKiiEEE4findERS5_
                0x0000000000001be8       0x29 test.o
                0x0000000000001be8                std::unordered_map<int, int, std::hash<int>, std::equal_to<int>, std::allocator<std::pair<int const, int> > >::find(int const&)
 *fill*         0x0000000000001c11        0x1 
 .text._ZNSt13unordered_mapIiiSt4hashIiESt8equal_toIiESaISt4pairIKiiEEE3endEv
                0x0000000000001c12       0x1e test.o
                0x0000000000001c12                std::unordered_map<int, int, std::hash<int>, std::equal_to<int>, std::allocator<std::pair<int const, int> > >::end()
 .text._ZNSt8__detaileqISt4pairIKiiELb0EEEbRKNS_19_Node_iterator_baseIT_XT0_EEES8_
                0x0000000000001c30       0x26 test.o
                0x0000000000001c30                bool std::__detail::operator==<std::pair<int const, int>, false>(std::__detail::_Node_iterator_base<std::pair<int const, int>, false> const&, std::__detail::_Node_iterator_base<std::pair<int const, int>, false> const&)
 .text._ZNSt13unordered_mapIiiSt4hashIiESt8equal_toIiESaISt4pairIKiiEEEixEOi
                0x0000000000001c56       0x34 test.o
                0x0000000000001c56                std::unordered_map<int, int, std::hash<int>, std::equal_to<int>, std::allocator<std::pair<int const, int> > >::operator[](int&&)
 .text._ZNSt13unordered_mapIiiSt4hashIiESt8equal_toIiESaISt4pairIKiiEEEixERS5_
                0x0000000000001c8a       0x29 test.o
                0x0000000000001c8a                std::unordered_map<int, int, std::hash<int>, std::equal_to<int>, std::allocator<std::pair<int const, int> > >::operator[](int const&)
 *fill*         0x0000000000001cb3        0x1 
 .text._ZNSt6vectorIiSaIiEE9push_backEOi
                0x0000000000001cb4       0x35 test.o
                0x0000000000001cb4                std::vector<int, std::allocator<int> >::push_back(int&&)
 *fill*         0x0000000000001ce9        0x1 
 .text._ZNSaIiEC2Ev
                0x0000000000001cea       0x1f test.o
                0x0000000000001cea                std::allocator<int>::allocator()
                0x0000000000001cea                std::allocator<int>::allocator()
 *fill*         0x0000000000001d09        0x1 
 .text._ZNSt6vectorIiSaIiEEC2ESt16initializer_listIiERKS0_
                0x0000000000001d0a       0xb3 test.o
                0x0000000000001d0a                std::vector<int, std::allocator<int> >::vector(std::initializer_list<int>, std::allocator<int> const&)
                0x0000000000001d0a                std::vector<int, std::allocator<int> >::vector(std::initializer_list<int>, std::allocator<int> const&)
 *fill*         0x0000000000001dbd        0x1 
 .text._ZNSt6vectorIiSaIiEE5beginEv
                0x0000000000001dbe       0x4c test.o
                0x0000000000001dbe                std::vector<int, std::allocator<int> >::begin()
 .text._ZNSt6vectorIiSaIiEE3endEv
                0x0000000000001e0a       0x50 test.o
                0x0000000000001e0a                std::vector<int, std::allocator<int> >::end()
 .text._ZN9__gnu_cxxneIPiSt6vectorIiSaIiEEEEbRKNS_17__normal_iteratorIT_T0_EESA_
                0x0000000000001e5a       0x40 test.o
                0x0000000000001e5a                bool __gnu_cxx::operator!=<int*, std::vector<int, std::allocator<int> > >(__gnu_cxx::__normal_iterator<int*, std::vector<int, std::allocator<int> > > const&, __gnu_cxx::__normal_iterator<int*, std::vector<int, std::allocator<int> > > const&)
 .text._ZN9__gnu_cxx17__normal_iteratorIPiSt6vectorIiSaIiEEEppEv
                0x0000000000001e9a       0x24 test.o
                0x0000000000001e9a                __gnu_cxx::__normal_iterator<int*, std::vector<int, std::allocator<int> > >::operator++()
 .text._ZNK9__gnu_cxx17__normal_iteratorIPiSt6vectorIiSaIiEEEdeEv
                0x0000000000001ebe       0x15 test.o
                0x0000000000001ebe                __gnu_cxx::__normal_iterator<int*, std::vector<int, std::allocator<int> > >::operator*() const
 *fill*         0x0000000000001ed3        0x1 
 .text._ZN9__gnu_cxx13new_allocatorINSt8__detail10_Hash_nodeISt4pairIKiiELb0EEEEC2Ev
                0x0000000000001ed4        0xf test.o
                0x0000000000001ed4                __gnu_cxx::new_allocator<std::__detail::_Hash_node<std::pair<int const, int>, false> >::new_allocator()
                0x0000000000001ed4                __gnu_cxx::new_allocator<std::__detail::_Hash_node<std::pair<int const, int>, false> >::new_allocator()
 *fill*         0x0000000000001ee3        0x1 
 .text._ZN9__gnu_cxx13new_allocatorINSt8__detail10_Hash_nodeISt4pairIKiiELb0EEEED2Ev
                0x0000000000001ee4        0xf test.o
                0x0000000000001ee4                __gnu_cxx::new_allocator<std::__detail::_Hash_node<std::pair<int const, int>, false> >::~new_allocator()
                0x0000000000001ee4                __gnu_cxx::new_allocator<std::__detail::_Hash_node<std::pair<int const, int>, false> >::~new_allocator()
 *fill*         0x0000000000001ef3        0x1 
 .text._ZNSt10_HashtableIiSt4pairIKiiESaIS2_ENSt8__detail10_Select1stESt8equal_toIiESt4hashIiENS4_18_Mod_range_hashingENS4_20_Default_ranged_hashENS4_20_Prime_rehash_policyENS4_17_Hashtable_traitsILb0ELb0ELb1EEEE5clearEv
                0x0000000000001ef4       0x6d test.o
                0x0000000000001ef4                std::_Hashtable<int, std::pair<int const, int>, std::allocator<std::pair<int const, int> >, std::__detail::_Select1st, std::equal_to<int>, std::hash<int>, std::__detail::_Mod_range_hashing, std::__detail::_Default_ranged_hash, std::__detail::_Prime_rehash_policy, std::__detail::_Hashtable_traits<false, false, true> >::clear()
 *fill*         0x0000000000001f61        0x1 
 .text._ZNSt10_HashtableIiSt4pairIKiiESaIS2_ENSt8__detail10_Select1stESt8equal_toIiESt4hashIiENS4_18_Mod_range_hashingENS4_20_Default_ranged_hashENS4_20_Prime_rehash_policyENS4_17_Hashtable_traitsILb0ELb0ELb1EEEE21_M_deallocate_bucketsEv
                0x0000000000001f62       0x31 test.o
                0x0000000000001f62                std::_Hashtable<int, std::pair<int const, int>, std::allocator<std::pair<int const, int> >, std::__detail::_Select1st, std::equal_to<int>, std::hash<int>, std::__detail::_Mod_range_hashing, std::__detail::_Default_ranged_hash, std::__detail::_Prime_rehash_policy, std::__detail::_Hashtable_traits<false, false, true> >::_M_deallocate_buckets()
 *fill*         0x0000000000001f93        0x1 
 .text._ZNSt12_Vector_baseIiSaIiEE17_Vector_impl_dataC2Ev
                0x0000000000001f94       0x32 test.o
                0x0000000000001f94                std::_Vector_base<int, std::allocator<int> >::_Vector_impl_data::_Vector_impl_data()
                0x0000000000001f94                std::_Vector_base<int, std::allocator<int> >::_Vector_impl_data::_Vector_impl_data()
 .text._ZN9__gnu_cxx13new_allocatorIiED2Ev
                0x0000000000001fc6        0xf test.o
                0x0000000000001fc6                __gnu_cxx::new_allocator<int>::~new_allocator()
                0x0000000000001fc6                __gnu_cxx::new_allocator<int>::~new_allocator()
 *fill*         0x0000000000001fd5        0x1 
 .text._ZNSt12_Vector_baseIiSaIiEE13_M_deallocateEPim
                0x0000000000001fd6       0x39 test.o
                0x0000000000001fd6                std::_Vector_base<int, std::allocator<int> >::_M_deallocate(int*, unsigned long)
 *fill*         0x000000000000200f        0x1 
 .text._ZNSt12_Vector_baseIiSaIiEE19_M_get_Tp_allocatorEv
                0x0000000000002010       0x12 test.o
                0x0000000000002010                std::_Vector_base<int, std::allocator<int> >::_M_get_Tp_allocator()
 .text._ZSt8_DestroyIPiiEvT_S1_RSaIT0_E
                0x0000000000002022       0x2e test.o
                0x0000000000002022                void std::_Destroy<int*, int>(int*, int*, std::allocator<int>&)
 .text._ZNSt10_HashtableIiSt4pairIKiiESaIS2_ENSt8__detail10_Select1stESt8equal_toIiESt4hashIiENS4_18_Mod_range_hashingENS4_20_Default_ranged_hashENS4_20_Prime_rehash_policyENS4_17_Hashtable_traitsILb0ELb0ELb1EEEE4findERS1_
                0x0000000000002050       0xb7 test.o
                0x0000000000002050                std::_Hashtable<int, std::pair<int const, int>, std::allocator<std::pair<int const, int> >, std::__detail::_Select1st, std::equal_to<int>, std::hash<int>, std::__detail::_Mod_range_hashing, std::__detail::_Default_ranged_hash, std::__detail::_Prime_rehash_policy, std::__detail::_Hashtable_traits<false, false, true> >::find(int const&)
 *fill*         0x0000000000002107        0x1 
 .text._ZNSt10_HashtableIiSt4pairIKiiESaIS2_ENSt8__detail10_Select1stESt8equal_toIiESt4hashIiENS4_18_Mod_range_hashingENS4_20_Default_ranged_hashENS4_20_Prime_rehash_policyENS4_17_Hashtable_traitsILb0ELb0ELb1EEEE3endEv
                0x0000000000002108       0x4a test.o
                0x0000000000002108                std::_Hashtable<int, std::pair<int const, int>, std::allocator<std::pair<int const, int> >, std::__detail::_Select1st, std::equal_to<int>, std::hash<int>, std::__detail::_Mod_range_hashing, std::__detail::_Default_ranged_hash, std::__detail::_Prime_rehash_policy, std::__detail::_Hashtable_traits<false, false, true> >::end()
 .text._ZSt4moveIRiEONSt16remove_referenceIT_E4typeEOS2_
                0x0000000000002152       0x12 test.o
                0x0000000000002152                std::remove_reference<int&>::type&& std::move<int&>(int&)
 .text._ZNSt8__detail9_Map_baseIiSt4pairIKiiESaIS3_ENS_10_Select1stESt8equal_toIiESt4hashIiENS_18_Mod_range_hashingENS_20_Default_ranged_hashENS_20_Prime_rehash_policyENS_17_Hashtable_traitsILb0ELb0ELb1EEELb1EEixEOi
                0x0000000000002164      0x117 test.o
                0x0000000000002164                std::__detail::_Map_base<int, std::pair<int const, int>, std::allocator<std::pair<int const, int> >, std::__detail::_Select1st, std::equal_to<int>, std::hash<int>, std::__detail::_Mod_range_hashing, std::__detail::_Default_ranged_hash, std::__detail::_Prime_rehash_policy, std::__detail::_Hashtable_traits<false, false, true>, true>::operator[](int&&)
 *fill*         0x000000000000227b        0x1 
 .text._ZNSt8__detail9_Map_baseIiSt4pairIKiiESaIS3_ENS_10_Select1stESt8equal_toIiESt4hashIiENS_18_Mod_range_hashingENS_20_Default_ranged_hashENS_20_Prime_rehash_policyENS_17_Hashtable_traitsILb0ELb0ELb1EEELb1EEixERS2_
                0x000000000000227c      0x10c test.o
                0x000000000000227c                std::__detail::_Map_base<int, std::pair<int const, int>, std::allocator<std::pair<int const, int> >, std::__detail::_Select1st, std::equal_to<int>, std::hash<int>, std::__detail::_Mod_range_hashing, std::__detail::_Default_ranged_hash, std::__detail::_Prime_rehash_policy, std::__detail::_Hashtable_traits<false, false, true>, true>::operator[](int const&)
 .text._ZNSt6vectorIiSaIiEE12emplace_backIJiEEEvDpOT_
                0x0000000000002388       0x9e test.o
                0x0000000000002388                void std::vector<int, std::allocator<int> >::emplace_back<int>(int&&)
 .text._ZNSaIiEC2ERKS_
                0x0000000000002426       0x2a test.o
                0x0000000000002426                std::allocator<int>::allocator(std::allocator<int> const&)
                0x0000000000002426                std::allocator<int>::allocator(std::allocator<int> const&)
 .text._ZN9__gnu_cxx13new_allocatorIiEC2Ev
                0x0000000000002450        0xf test.o
                0x0000000000002450                __gnu_cxx::new_allocator<int>::new_allocator()
                0x0000000000002450                __gnu_cxx::new_allocator<int>::new_allocator()
 *fill*         0x000000000000245f        0x1 
 .text._ZNSt12_Vector_baseIiSaIiEEC2ERKS0_
                0x0000000000002460       0x2a test.o
                0x0000000000002460                std::_Vector_base<int, std::allocator<int> >::_Vector_base(std::allocator<int> const&)
                0x0000000000002460                std::_Vector_base<int, std::allocator<int> >::_Vector_base(std::allocator<int> const&)
 .text._ZNKSt16initializer_listIiE5beginEv
                0x000000000000248a       0x15 test.o
                0x000000000000248a                std::initializer_list<int>::begin() const
 *fill*         0x000000000000249f        0x1 
 .text._ZNKSt16initializer_listIiE3endEv
                0x00000000000024a0       0x3a test.o
                0x00000000000024a0                std::initializer_list<int>::end() const
 .text._ZNSt6vectorIiSaIiEE19_M_range_initializeIPKiEEvT_S5_St20forward_iterator_tag
                0x00000000000024da       0xb4 test.o
                0x00000000000024da                void std::vector<int, std::allocator<int> >::_M_range_initialize<int const*>(int const*, int const*, std::forward_iterator_tag)
 .text._ZN9__gnu_cxx17__normal_iteratorIPiSt6vectorIiSaIiEEEC2ERKS1_
                0x000000000000258e       0x21 test.o
                0x000000000000258e                __gnu_cxx::__normal_iterator<int*, std::vector<int, std::allocator<int> > >::__normal_iterator(int* const&)
                0x000000000000258e                __gnu_cxx::__normal_iterator<int*, std::vector<int, std::allocator<int> > >::__normal_iterator(int* const&)
 *fill*         0x00000000000025af        0x1 
 .text._ZNK9__gnu_cxx17__normal_iteratorIPiSt6vectorIiSaIiEEE4baseEv
                0x00000000000025b0       0x12 test.o
                0x00000000000025b0                __gnu_cxx::__normal_iterator<int*, std::vector<int, std::allocator<int> > >::base() const
 .text._ZNKSt10_HashtableIiSt4pairIKiiESaIS2_ENSt8__detail10_Select1stESt8equal_toIiESt4hashIiENS4_18_Mod_range_hashingENS4_20_Default_ranged_hashENS4_20_Prime_rehash_policyENS4_17_Hashtable_traitsILb0ELb0ELb1EEEE8_M_beginEv
                0x00000000000025c2       0x16 test.o
                0x00000000000025c2                std::_Hashtable<int, std::pair<int const, int>, std::allocator<std::pair<int const, int> >, std::__detail::_Select1st, std::equal_to<int>, std::hash<int>, std::__detail::_Mod_range_hashing, std::__detail::_Default_ranged_hash, std::__detail::_Prime_rehash_policy, std::__detail::_Hashtable_traits<false, false, true> >::_M_begin() const
 .text._ZNSt8__detail16_Hashtable_allocISaINS_10_Hash_nodeISt4pairIKiiELb0EEEEE19_M_deallocate_nodesEPS5_
                0x00000000000025d8       0x4b test.o
                0x00000000000025d8                std::__detail::_Hashtable_alloc<std::allocator<std::__detail::_Hash_node<std::pair<int const, int>, false> > >::_M_deallocate_nodes(std::__detail::_Hash_node<std::pair<int const, int>, false>*)
 *fill*         0x0000000000002623        0x1 
 .text._ZNSt10_HashtableIiSt4pairIKiiESaIS2_ENSt8__detail10_Select1stESt8equal_toIiESt4hashIiENS4_18_Mod_range_hashingENS4_20_Default_ranged_hashENS4_20_Prime_rehash_policyENS4_17_Hashtable_traitsILb0ELb0ELb1EEEE21_M_deallocate_bucketsEPPNS4_15_Hash_node_baseEm
                0x0000000000002624       0x4b test.o
                0x0000000000002624                std::_Hashtable<int, std::pair<int const, int>, std::allocator<std::pair<int const, int> >, std::__detail::_Select1st, std::equal_to<int>, std::hash<int>, std::__detail::_Mod_range_hashing, std::__detail::_Default_ranged_hash, std::__detail::_Prime_rehash_policy, std::__detail::_Hashtable_traits<false, false, true> >::_M_deallocate_buckets(std::__detail::_Hash_node_base**, unsigned long)
 .text._ZNSt16allocator_traitsISaIiEE10deallocateERS0_Pim
                0x000000000000266f       0x32 test.o
                0x000000000000266f                std::allocator_traits<std::allocator<int> >::deallocate(std::allocator<int>&, int*, unsigned long)
 .text._ZSt8_DestroyIPiEvT_S1_
                0x00000000000026a1       0x2a test.o
                0x00000000000026a1                void std::_Destroy<int*>(int*, int*)
 *fill*         0x00000000000026cb        0x1 
 .text._ZNKSt8__detail15_Hash_code_baseIiSt4pairIKiiENS_10_Select1stESt4hashIiENS_18_Mod_range_hashingENS_20_Default_ranged_hashELb0EE12_M_hash_codeERS2_
                0x00000000000026cc       0x35 test.o
                0x00000000000026cc                std::__detail::_Hash_code_base<int, std::pair<int const, int>, std::__detail::_Select1st, std::hash<int>, std::__detail::_Mod_range_hashing, std::__detail::_Default_ranged_hash, false>::_M_hash_code(int const&) const
 *fill*         0x0000000000002701        0x1 
 .text._ZNKSt10_HashtableIiSt4pairIKiiESaIS2_ENSt8__detail10_Select1stESt8equal_toIiESt4hashIiENS4_18_Mod_range_hashingENS4_20_Default_ranged_hashENS4_20_Prime_rehash_policyENS4_17_Hashtable_traitsILb0ELb0ELb1EEEE15_M_bucket_indexERS1_m
                0x0000000000002702       0x36 test.o
                0x0000000000002702                std::_Hashtable<int, std::pair<int const, int>, std::allocator<std::pair<int const, int> >, std::__detail::_Select1st, std::equal_to<int>, std::hash<int>, std::__detail::_Mod_range_hashing, std::__detail::_Default_ranged_hash, std::__detail::_Prime_rehash_policy, std::__detail::_Hashtable_traits<false, false, true> >::_M_bucket_index(int const&, unsigned long) const
 .text._ZNKSt10_HashtableIiSt4pairIKiiESaIS2_ENSt8__detail10_Select1stESt8equal_toIiESt4hashIiENS4_18_Mod_range_hashingENS4_20_Default_ranged_hashENS4_20_Prime_rehash_policyENS4_17_Hashtable_traitsILb0ELb0ELb1EEEE12_M_find_nodeEmRS1_m
                0x0000000000002738       0x4f test.o
                0x0000000000002738                std::_Hashtable<int, std::pair<int const, int>, std::allocator<std::pair<int const, int> >, std::__detail::_Select1st, std::equal_to<int>, std::hash<int>, std::__detail::_Mod_range_hashing, std::__detail::_Default_ranged_hash, std::__detail::_Prime_rehash_policy, std::__detail::_Hashtable_traits<false, false, true> >::_M_find_node(unsigned long, int const&, unsigned long) const
 *fill*         0x0000000000002787        0x1 
 .text._ZNSt8__detail14_Node_iteratorISt4pairIKiiELb0ELb0EEC2EPNS_10_Hash_nodeIS3_Lb0EEE
                0x0000000000002788       0x2a test.o
                0x0000000000002788                std::__detail::_Node_iterator<std::pair<int const, int>, false, false>::_Node_iterator(std::__detail::_Hash_node<std::pair<int const, int>, false>*)
                0x0000000000002788                std::__detail::_Node_iterator<std::pair<int const, int>, false, false>::_Node_iterator(std::__detail::_Hash_node<std::pair<int const, int>, false>*)
 .text._ZNSt5tupleIJOiEEC2EOS1_
                0x00000000000027b2       0x2a test.o
                0x00000000000027b2                std::tuple<int&&>::tuple(std::tuple<int&&>&&)
                0x00000000000027b2                std::tuple<int&&>::tuple(std::tuple<int&&>&&)
 .text._ZSt16forward_as_tupleIJiEESt5tupleIJDpOT_EES3_
                0x00000000000027dc       0x38 test.o
                0x00000000000027dc                std::tuple<int&&> std::forward_as_tuple<int>(int&&)
 .text._ZNSt8__detail21_Hash_node_value_baseISt4pairIKiiEEC2Ev
                0x0000000000002814       0x1f test.o
                0x0000000000002814                std::__detail::_Hash_node_value_base<std::pair<int const, int> >::_Hash_node_value_base()
                0x0000000000002814                std::__detail::_Hash_node_value_base<std::pair<int const, int> >::_Hash_node_value_base()
 *fill*         0x0000000000002833        0x1 
 .text._ZNSt8__detail10_Hash_nodeISt4pairIKiiELb0EEC2Ev
                0x0000000000002834       0x1f test.o
                0x0000000000002834                std::__detail::_Hash_node<std::pair<int const, int>, false>::_Hash_node()
                0x0000000000002834                std::__detail::_Hash_node<std::pair<int const, int>, false>::_Hash_node()
 *fill*         0x0000000000002853        0x1 
 .text._ZNSt8__detail16_Hashtable_allocISaINS_10_Hash_nodeISt4pairIKiiELb0EEEEE16_M_allocate_nodeIJRKSt21piecewise_construct_tSt5tupleIJOiEESC_IJEEEEEPS5_DpOT_
                0x0000000000002854      0x123 test.o
                0x0000000000002854                std::__detail::_Hash_node<std::pair<int const, int>, false>* std::__detail::_Hashtable_alloc<std::allocator<std::__detail::_Hash_node<std::pair<int const, int>, false> > >::_M_allocate_node<std::piecewise_construct_t const&, std::tuple<int&&>, std::tuple<> >(std::piecewise_construct_t const&, std::tuple<int&&>&&, std::tuple<>&&)
 *fill*         0x0000000000002977        0x1 
 .text._ZNSt10_HashtableIiSt4pairIKiiESaIS2_ENSt8__detail10_Select1stESt8equal_toIiESt4hashIiENS4_18_Mod_range_hashingENS4_20_Default_ranged_hashENS4_20_Prime_rehash_policyENS4_17_Hashtable_traitsILb0ELb0ELb1EEEE21_M_insert_unique_nodeEmmPNS4_10_Hash_nodeIS2_Lb0EEEm
                0x0000000000002978      0x18c test.o
                0x0000000000002978                std::_Hashtable<int, std::pair<int const, int>, std::allocator<std::pair<int const, int> >, std::__detail::_Select1st, std::equal_to<int>, std::hash<int>, std::__detail::_Mod_range_hashing, std::__detail::_Default_ranged_hash, std::__detail::_Prime_rehash_policy, std::__detail::_Hashtable_traits<false, false, true> >::_M_insert_unique_node(unsigned long, unsigned long, std::__detail::_Hash_node<std::pair<int const, int>, false>*, unsigned long)
 .text._ZNKSt8__detail14_Node_iteratorISt4pairIKiiELb0ELb0EEptEv
                0x0000000000002b04       0x21 test.o
                0x0000000000002b04                std::__detail::_Node_iterator<std::pair<int const, int>, false, false>::operator->() const
 *fill*         0x0000000000002b25        0x1 
 .text._ZNSt8__detail21_Hash_node_value_baseISt4pairIKiiEE4_M_vEv
                0x0000000000002b26       0x1e test.o
                0x0000000000002b26                std::__detail::_Hash_node_value_base<std::pair<int const, int> >::_M_v()
 .text._ZNSt5tupleIJRKiEEC2IvLb1EEES1_
                0x0000000000002b44       0x2a test.o
                0x0000000000002b44                std::tuple<int const&>::tuple<void, true>(int const&)
                0x0000000000002b44                std::tuple<int const&>::tuple<void, true>(int const&)
 .text._ZNSt8__detail16_Hashtable_allocISaINS_10_Hash_nodeISt4pairIKiiELb0EEEEE16_M_allocate_nodeIJRKSt21piecewise_construct_tSt5tupleIJRS3_EESC_IJEEEEEPS5_DpOT_
                0x0000000000002b6e      0x123 test.o
                0x0000000000002b6e                std::__detail::_Hash_node<std::pair<int const, int>, false>* std::__detail::_Hashtable_alloc<std::allocator<std::__detail::_Hash_node<std::pair<int const, int>, false> > >::_M_allocate_node<std::piecewise_construct_t const&, std::tuple<int const&>, std::tuple<> >(std::piecewise_construct_t const&, std::tuple<int const&>&&, std::tuple<>&&)
 .text._ZNSt16allocator_traitsISaIiEE9constructIiJiEEEvRS0_PT_DpOT0_
                0x0000000000002c91       0x3d test.o
                0x0000000000002c91                void std::allocator_traits<std::allocator<int> >::construct<int, int>(std::allocator<int>&, int*, int&&)
 .text._ZNSt6vectorIiSaIiEE15_S_use_relocateEv
                0x0000000000002cce       0x36 test.o
                0x0000000000002cce                std::vector<int, std::allocator<int> >::_S_use_relocate()
 .text._ZNSt6vectorIiSaIiEE19_S_nothrow_relocateESt17integral_constantIbLb1EE
                0x0000000000002d04        0xf test.o
                0x0000000000002d04                std::vector<int, std::allocator<int> >::_S_nothrow_relocate(std::integral_constant<bool, true>)
 *fill*         0x0000000000002d13        0x1 
 .text._ZNSt6vectorIiSaIiEE17_M_realloc_insertIJiEEEvN9__gnu_cxx17__normal_iteratorIPiS1_EEDpOT_
                0x0000000000002d14      0x2f7 test.o
                0x0000000000002d14                void std::vector<int, std::allocator<int> >::_M_realloc_insert<int>(__gnu_cxx::__normal_iterator<int*, std::vector<int, std::allocator<int> > >, int&&)
 *fill*         0x000000000000300b        0x1 
 .text._ZN9__gnu_cxx13new_allocatorIiEC2ERKS1_
                0x000000000000300c       0x13 test.o
                0x000000000000300c                __gnu_cxx::new_allocator<int>::new_allocator(__gnu_cxx::new_allocator<int> const&)
                0x000000000000300c                __gnu_cxx::new_allocator<int>::new_allocator(__gnu_cxx::new_allocator<int> const&)
 *fill*         0x000000000000301f        0x1 
 .text._ZNSt12_Vector_baseIiSaIiEE12_Vector_implC2ERKS0_
                0x0000000000003020       0x36 test.o
                0x0000000000003020                std::_Vector_base<int, std::allocator<int> >::_Vector_impl::_Vector_impl(std::allocator<int> const&)
                0x0000000000003020                std::_Vector_base<int, std::allocator<int> >::_Vector_impl::_Vector_impl(std::allocator<int> const&)
 .text._ZNKSt16initializer_listIiE4sizeEv
                0x0000000000003056       0x16 test.o
                0x0000000000003056                std::initializer_list<int>::size() const
 .text._ZSt8distanceIPKiENSt15iterator_traitsIT_E15difference_typeES3_S3_
                0x000000000000306c       0x58 test.o
                0x000000000000306c                std::iterator_traits<int const*>::difference_type std::distance<int const*>(int const*, int const*)
 .text._ZNSt6vectorIiSaIiEE17_S_check_init_lenEmRKS0_
                0x00000000000030c4       0x85 test.o
                0x00000000000030c4                std::vector<int, std::allocator<int> >::_S_check_init_len(unsigned long, std::allocator<int> const&)
 *fill*         0x0000000000003149        0x1 
 .text._ZNSt12_Vector_baseIiSaIiEE11_M_allocateEm
                0x000000000000314a       0x37 test.o
                0x000000000000314a                std::_Vector_base<int, std::allocator<int> >::_M_allocate(unsigned long)
 .text._ZSt22__uninitialized_copy_aIPKiPiiET0_T_S4_S3_RSaIT1_E
                0x0000000000003181       0x35 test.o
                0x0000000000003181                int* std::__uninitialized_copy_a<int const*, int*, int>(int const*, int const*, int*, std::allocator<int>&)
 .text._ZNKSt8__detail10_Hash_nodeISt4pairIKiiELb0EE7_M_nextEv
                0x00000000000031b6       0x15 test.o
                0x00000000000031b6                std::__detail::_Hash_node<std::pair<int const, int>, false>::_M_next() const
 *fill*         0x00000000000031cb        0x1 
 .text._ZNSt8__detail16_Hashtable_allocISaINS_10_Hash_nodeISt4pairIKiiELb0EEEEE18_M_deallocate_nodeEPS5_
                0x00000000000031cc       0x56 test.o
                0x00000000000031cc                std::__detail::_Hashtable_alloc<std::allocator<std::__detail::_Hash_node<std::pair<int const, int>, false> > >::_M_deallocate_node(std::__detail::_Hash_node<std::pair<int const, int>, false>*)
 .text._ZNKSt10_HashtableIiSt4pairIKiiESaIS2_ENSt8__detail10_Select1stESt8equal_toIiESt4hashIiENS4_18_Mod_range_hashingENS4_20_Default_ranged_hashENS4_20_Prime_rehash_policyENS4_17_Hashtable_traitsILb0ELb0ELb1EEEE21_M_uses_single_bucketEPPNS4_15_Hash_node_baseE
                0x0000000000003222       0x2a test.o
                0x0000000000003222                std::_Hashtable<int, std::pair<int const, int>, std::allocator<std::pair<int const, int> >, std::__detail::_Select1st, std::equal_to<int>, std::hash<int>, std::__detail::_Mod_range_hashing, std::__detail::_Default_ranged_hash, std::__detail::_Prime_rehash_policy, std::__detail::_Hashtable_traits<false, false, true> >::_M_uses_single_bucket(std::__detail::_Hash_node_base**) const
 .text._ZNSt8__detail16_Hashtable_allocISaINS_10_Hash_nodeISt4pairIKiiELb0EEEEE21_M_deallocate_bucketsEPPNS_15_Hash_node_baseEm
                0x000000000000324c       0xb5 test.o
                0x000000000000324c                std::__detail::_Hashtable_alloc<std::allocator<std::__detail::_Hash_node<std::pair<int const, int>, false> > >::_M_deallocate_buckets(std::__detail::_Hash_node_base**, unsigned long)
 *fill*         0x0000000000003301        0x1 
 .text._ZN9__gnu_cxx13new_allocatorIiE10deallocateEPim
                0x0000000000003302       0x27 test.o
                0x0000000000003302                __gnu_cxx::new_allocator<int>::deallocate(int*, unsigned long)
 .text._ZNSt12_Destroy_auxILb1EE9__destroyIPiEEvT_S3_
                0x0000000000003329       0x13 test.o
                0x0000000000003329                void std::_Destroy_aux<true>::__destroy<int*>(int*, int*)
 .text._ZNKSt8__detail15_Hash_code_baseIiSt4pairIKiiENS_10_Select1stESt4hashIiENS_18_Mod_range_hashingENS_20_Default_ranged_hashELb0EE5_M_h1Ev
                0x000000000000333c       0x1e test.o
                0x000000000000333c                std::__detail::_Hash_code_base<int, std::pair<int const, int>, std::__detail::_Select1st, std::hash<int>, std::__detail::_Mod_range_hashing, std::__detail::_Default_ranged_hash, false>::_M_h1() const
 .text._ZNKSt8__detail15_Hash_code_baseIiSt4pairIKiiENS_10_Select1stESt4hashIiENS_18_Mod_range_hashingENS_20_Default_ranged_hashELb0EE15_M_bucket_indexERS2_mm
                0x000000000000335a       0x40 test.o
                0x000000000000335a                std::__detail::_Hash_code_base<int, std::pair<int const, int>, std::__detail::_Select1st, std::hash<int>, std::__detail::_Mod_range_hashing, std::__detail::_Default_ranged_hash, false>::_M_bucket_index(int const&, unsigned long, unsigned long) const
 .text._ZNKSt10_HashtableIiSt4pairIKiiESaIS2_ENSt8__detail10_Select1stESt8equal_toIiESt4hashIiENS4_18_Mod_range_hashingENS4_20_Default_ranged_hashENS4_20_Prime_rehash_policyENS4_17_Hashtable_traitsILb0ELb0ELb1EEEE19_M_find_before_nodeEmRS1_m
                0x000000000000339a       0xd5 test.o
                0x000000000000339a                std::_Hashtable<int, std::pair<int const, int>, std::allocator<std::pair<int const, int> >, std::__detail::_Select1st, std::equal_to<int>, std::hash<int>, std::__detail::_Mod_range_hashing, std::__detail::_Default_ranged_hash, std::__detail::_Prime_rehash_policy, std::__detail::_Hashtable_traits<false, false, true> >::_M_find_before_node(unsigned long, int const&, unsigned long) const
 *fill*         0x000000000000346f        0x1 
 .text._ZNSt8__detail19_Node_iterator_baseISt4pairIKiiELb0EEC2EPNS_10_Hash_nodeIS3_Lb0EEE
                0x0000000000003470       0x1e test.o
                0x0000000000003470                std::__detail::_Node_iterator_base<std::pair<int const, int>, false>::_Node_iterator_base(std::__detail::_Hash_node<std::pair<int const, int>, false>*)
                0x0000000000003470                std::__detail::_Node_iterator_base<std::pair<int const, int>, false>::_Node_iterator_base(std::__detail::_Hash_node<std::pair<int const, int>, false>*)
 .text._ZNSt5tupleIJOiEEC2IJiELb1EEEDpOT_
                0x000000000000348e       0x38 test.o
                0x000000000000348e                std::tuple<int&&>::tuple<int, true>(int&&)
                0x000000000000348e                std::tuple<int&&>::tuple<int, true>(int&&)
 .text._ZNSt11_Tuple_implILm0EJOiEEC2EOS1_
                0x00000000000034c6       0x40 test.o
                0x00000000000034c6                std::_Tuple_impl<0ul, int&&>::_Tuple_impl(std::_Tuple_impl<0ul, int&&>&&)
                0x00000000000034c6                std::_Tuple_impl<0ul, int&&>::_Tuple_impl(std::_Tuple_impl<0ul, int&&>&&)
 .text._ZNSt8__detail16_Hashtable_allocISaINS_10_Hash_nodeISt4pairIKiiELb0EEEEE17_M_node_allocatorEv
                0x0000000000003506       0x1e test.o
                0x0000000000003506                std::__detail::_Hashtable_alloc<std::allocator<std::__detail::_Hash_node<std::pair<int const, int>, false> > >::_M_node_allocator()
 .text._ZNSt16allocator_traitsISaINSt8__detail10_Hash_nodeISt4pairIKiiELb0EEEEE8allocateERS6_m
                0x0000000000003524       0x2e test.o
                0x0000000000003524                std::allocator_traits<std::allocator<std::__detail::_Hash_node<std::pair<int const, int>, false> > >::allocate(std::allocator<std::__detail::_Hash_node<std::pair<int const, int>, false> >&, unsigned long)
 .text._ZSt12__to_addressINSt8__detail10_Hash_nodeISt4pairIKiiELb0EEEEPT_S7_
                0x0000000000003552       0x12 test.o
                0x0000000000003552                std::__detail::_Hash_node<std::pair<int const, int>, false>* std::__to_address<std::__detail::_Hash_node<std::pair<int const, int>, false> >(std::__detail::_Hash_node<std::pair<int const, int>, false>*)
 .text._ZNSt8__detail21_Hash_node_value_baseISt4pairIKiiEE9_M_valptrEv
                0x0000000000003564       0x22 test.o
                0x0000000000003564                std::__detail::_Hash_node_value_base<std::pair<int const, int> >::_M_valptr()
 .text._ZSt7forwardIRKSt21piecewise_construct_tEOT_RNSt16remove_referenceIS3_E4typeE
                0x0000000000003586       0x12 test.o
                0x0000000000003586                std::piecewise_construct_t const& std::forward<std::piecewise_construct_t const&>(std::remove_reference<std::piecewise_construct_t const&>::type&)
 .text._ZSt7forwardISt5tupleIJOiEEEOT_RNSt16remove_referenceIS3_E4typeE
                0x0000000000003598       0x12 test.o
                0x0000000000003598                std::tuple<int&&>&& std::forward<std::tuple<int&&> >(std::remove_reference<std::tuple<int&&> >::type&)
 .text._ZSt7forwardISt5tupleIJEEEOT_RNSt16remove_referenceIS2_E4typeE
                0x00000000000035aa       0x12 test.o
                0x00000000000035aa                std::tuple<>&& std::forward<std::tuple<> >(std::remove_reference<std::tuple<> >::type&)
 .text._ZNSt16allocator_traitsISaINSt8__detail10_Hash_nodeISt4pairIKiiELb0EEEEE9constructIS4_JRKSt21piecewise_construct_tSt5tupleIJOiEESC_IJEEEEEvRS6_PT_DpOT0_
                0x00000000000035bc       0x70 test.o
                0x00000000000035bc                void std::allocator_traits<std::allocator<std::__detail::_Hash_node<std::pair<int const, int>, false> > >::construct<std::pair<int const, int>, std::piecewise_construct_t const&, std::tuple<int&&>, std::tuple<> >(std::allocator<std::__detail::_Hash_node<std::pair<int const, int>, false> >&, std::pair<int const, int>*, std::piecewise_construct_t const&, std::tuple<int&&>&&, std::tuple<>&&)
 .text._ZNSt16allocator_traitsISaINSt8__detail10_Hash_nodeISt4pairIKiiELb0EEEEE10deallocateERS6_PS5_m
                0x000000000000362c       0x32 test.o
                0x000000000000362c                std::allocator_traits<std::allocator<std::__detail::_Hash_node<std::pair<int const, int>, false> > >::deallocate(std::allocator<std::__detail::_Hash_node<std::pair<int const, int>, false> >&, std::__detail::_Hash_node<std::pair<int const, int>, false>*, unsigned long)
 .text._ZNSt10_HashtableIiSt4pairIKiiESaIS2_ENSt8__detail10_Select1stESt8equal_toIiESt4hashIiENS4_18_Mod_range_hashingENS4_20_Default_ranged_hashENS4_20_Prime_rehash_policyENS4_17_Hashtable_traitsILb0ELb0ELb1EEEE9_M_rehashEmRKm
                0x000000000000365e       0x9a test.o
                0x000000000000365e                std::_Hashtable<int, std::pair<int const, int>, std::allocator<std::pair<int const, int> >, std::__detail::_Select1st, std::equal_to<int>, std::hash<int>, std::__detail::_Mod_range_hashing, std::__detail::_Default_ranged_hash, std::__detail::_Prime_rehash_policy, std::__detail::_Hashtable_traits<false, false, true> >::_M_rehash(unsigned long, unsigned long const&)
 .text._ZNSt8__detail15_Hash_code_baseIiSt4pairIKiiENS_10_Select1stESt4hashIiENS_18_Mod_range_hashingENS_20_Default_ranged_hashELb0EE10_M_extractEv
                0x00000000000036f8       0x1e test.o
                0x00000000000036f8                std::__detail::_Hash_code_base<int, std::pair<int const, int>, std::__detail::_Select1st, std::hash<int>, std::__detail::_Mod_range_hashing, std::__detail::_Default_ranged_hash, false>::_M_extract()
 .text._ZNKSt8__detail10_Select1stclIRSt4pairIKiiEEEDTcl3getILi0EEcl7forwardIT_Efp_EEEOS6_
                0x0000000000003716       0x2a test.o
                0x0000000000003716                decltype ((get<0>)((forward<std::pair<int const, int>&>)({parm#1}))) std::__detail::_Select1st::operator()<std::pair<int const, int>&>(std::pair<int const, int>&) const
 .text._ZNKSt8__detail15_Hash_code_baseIiSt4pairIKiiENS_10_Select1stESt4hashIiENS_18_Mod_range_hashingENS_20_Default_ranged_hashELb0EE13_M_store_codeEPNS_10_Hash_nodeIS3_Lb0EEEm
                0x0000000000003740       0x17 test.o
                0x0000000000003740                std::__detail::_Hash_code_base<int, std::pair<int const, int>, std::__detail::_Select1st, std::hash<int>, std::__detail::_Mod_range_hashing, std::__detail::_Default_ranged_hash, false>::_M_store_code(std::__detail::_Hash_node<std::pair<int const, int>, false>*, unsigned long) const
 *fill*         0x0000000000003757        0x1 
 .text._ZNSt10_HashtableIiSt4pairIKiiESaIS2_ENSt8__detail10_Select1stESt8equal_toIiESt4hashIiENS4_18_Mod_range_hashingENS4_20_Default_ranged_hashENS4_20_Prime_rehash_policyENS4_17_Hashtable_traitsILb0ELb0ELb1EEEE22_M_insert_bucket_beginEmPNS4_10_Hash_nodeIS2_Lb0EEE
                0x0000000000003758       0xf0 test.o
                0x0000000000003758                std::_Hashtable<int, std::pair<int const, int>, std::allocator<std::pair<int const, int> >, std::__detail::_Select1st, std::equal_to<int>, std::hash<int>, std::__detail::_Mod_range_hashing, std::__detail::_Default_ranged_hash, std::__detail::_Prime_rehash_policy, std::__detail::_Hashtable_traits<false, false, true> >::_M_insert_bucket_begin(unsigned long, std::__detail::_Hash_node<std::pair<int const, int>, false>*)
 .text._ZNSt11_Tuple_implILm0EJRKiEEC2ES1_
                0x0000000000003848       0x2a test.o
                0x0000000000003848                std::_Tuple_impl<0ul, int const&>::_Tuple_impl(int const&)
                0x0000000000003848                std::_Tuple_impl<0ul, int const&>::_Tuple_impl(int const&)
 .text._ZSt7forwardISt5tupleIJRKiEEEOT_RNSt16remove_referenceIS4_E4typeE
                0x0000000000003872       0x12 test.o
                0x0000000000003872                std::tuple<int const&>&& std::forward<std::tuple<int const&> >(std::remove_reference<std::tuple<int const&> >::type&)
 .text._ZNSt16allocator_traitsISaINSt8__detail10_Hash_nodeISt4pairIKiiELb0EEEEE9constructIS4_JRKSt21piecewise_construct_tSt5tupleIJRS3_EESC_IJEEEEEvRS6_PT_DpOT0_
                0x0000000000003884       0x70 test.o
                0x0000000000003884                void std::allocator_traits<std::allocator<std::__detail::_Hash_node<std::pair<int const, int>, false> > >::construct<std::pair<int const, int>, std::piecewise_construct_t const&, std::tuple<int const&>, std::tuple<> >(std::allocator<std::__detail::_Hash_node<std::pair<int const, int>, false> >&, std::pair<int const, int>*, std::piecewise_construct_t const&, std::tuple<int const&>&&, std::tuple<>&&)
 .text._ZN9__gnu_cxx13new_allocatorIiE9constructIiJiEEEvPT_DpOT0_
                0x00000000000038f4       0x42 test.o
                0x00000000000038f4                void __gnu_cxx::new_allocator<int>::construct<int, int>(int*, int&&)
 .text._ZNKSt6vectorIiSaIiEE12_M_check_lenEmPKc
                0x0000000000003936       0xf0 test.o
                0x0000000000003936                std::vector<int, std::allocator<int> >::_M_check_len(unsigned long, char const*) const
 .text._ZN9__gnu_cxxmiIPiSt6vectorIiSaIiEEEENS_17__normal_iteratorIT_T0_E15difference_typeERKS8_SB_
                0x0000000000003a26       0x44 test.o
                0x0000000000003a26                __gnu_cxx::__normal_iterator<int*, std::vector<int, std::allocator<int> > >::difference_type __gnu_cxx::operator-<int*, std::vector<int, std::allocator<int> > >(__gnu_cxx::__normal_iterator<int*, std::vector<int, std::allocator<int> > > const&, __gnu_cxx::__normal_iterator<int*, std::vector<int, std::allocator<int> > > const&)
 .text._ZNSt6vectorIiSaIiEE11_S_relocateEPiS2_S2_RS0_
                0x0000000000003a6a       0x59 test.o
                0x0000000000003a6a                std::vector<int, std::allocator<int> >::_S_relocate(int*, int*, int*, std::allocator<int>&)
 .text._ZSt34__uninitialized_move_if_noexcept_aIPiS0_SaIiEET0_T_S3_S2_RT1_
                0x0000000000003ac3       0x58 test.o
                0x0000000000003ac3                int* std::__uninitialized_move_if_noexcept_a<int*, int*, std::allocator<int> >(int*, int*, int*, std::allocator<int>&)
 .text._ZNSt16allocator_traitsISaIiEE7destroyIiEEvRS0_PT_
                0x0000000000003b1b       0x2a test.o
                0x0000000000003b1b                void std::allocator_traits<std::allocator<int> >::destroy<int>(std::allocator<int>&, int*)
 .text._ZSt19__iterator_categoryIPKiENSt15iterator_traitsIT_E17iterator_categoryERKS3_
                0x0000000000003b45        0xe test.o
                0x0000000000003b45                std::iterator_traits<int const*>::iterator_category std::__iterator_category<int const*>(int const* const&)
 .text._ZSt10__distanceIPKiENSt15iterator_traitsIT_E15difference_typeES3_S3_St26random_access_iterator_tag
                0x0000000000003b53       0x1e test.o
                0x0000000000003b53                std::iterator_traits<int const*>::difference_type std::__distance<int const*>(int const*, int const*, std::random_access_iterator_tag)
 .text._ZNSt6vectorIiSaIiEE11_S_max_sizeERKS0_
                0x0000000000003b71       0x69 test.o
                0x0000000000003b71                std::vector<int, std::allocator<int> >::_S_max_size(std::allocator<int> const&)
 .text._ZNSt16allocator_traitsISaIiEE8allocateERS0_m
                0x0000000000003bda       0x2e test.o
                0x0000000000003bda                std::allocator_traits<std::allocator<int> >::allocate(std::allocator<int>&, unsigned long)
 .text._ZSt18uninitialized_copyIPKiPiET0_T_S4_S3_
                0x0000000000003c08       0x35 test.o
                0x0000000000003c08                int* std::uninitialized_copy<int const*, int*>(int const*, int const*, int*)
 .text._ZNSt16allocator_traitsISaINSt8__detail10_Hash_nodeISt4pairIKiiELb0EEEEE7destroyIS4_EEvRS6_PT_
                0x0000000000003c3d       0x2a test.o
                0x0000000000003c3d                void std::allocator_traits<std::allocator<std::__detail::_Hash_node<std::pair<int const, int>, false> > >::destroy<std::pair<int const, int> >(std::allocator<std::__detail::_Hash_node<std::pair<int const, int>, false> >&, std::pair<int const, int>*)
 *fill*         0x0000000000003c67        0x1 
 .text._ZNSt8__detail16_Hashtable_allocISaINS_10_Hash_nodeISt4pairIKiiELb0EEEEE22_M_deallocate_node_ptrEPS5_
                0x0000000000003c68       0x4a test.o
                0x0000000000003c68                std::__detail::_Hashtable_alloc<std::allocator<std::__detail::_Hash_node<std::pair<int const, int>, false> > >::_M_deallocate_node_ptr(std::__detail::_Hash_node<std::pair<int const, int>, false>*)
 .text._ZNSt14pointer_traitsIPPNSt8__detail15_Hash_node_baseEE10pointer_toERS2_
                0x0000000000003cb2       0x1e test.o
                0x0000000000003cb2                std::pointer_traits<std::__detail::_Hash_node_base**>::pointer_to(std::__detail::_Hash_node_base*&)
 .text._ZNSaIPNSt8__detail15_Hash_node_baseEEC2INS_10_Hash_nodeISt4pairIKiiELb0EEEEERKSaIT_E
                0x0000000000003cd0       0x23 test.o
                0x0000000000003cd0                std::allocator<std::__detail::_Hash_node_base*>::allocator<std::__detail::_Hash_node<std::pair<int const, int>, false> >(std::allocator<std::__detail::_Hash_node<std::pair<int const, int>, false> > const&)
                0x0000000000003cd0                std::allocator<std::__detail::_Hash_node_base*>::allocator<std::__detail::_Hash_node<std::pair<int const, int>, false> >(std::allocator<std::__detail::_Hash_node<std::pair<int const, int>, false> > const&)
 *fill*         0x0000000000003cf3        0x1 
 .text._ZNSaIPNSt8__detail15_Hash_node_baseEED2Ev
                0x0000000000003cf4       0x1f test.o
                0x0000000000003cf4                std::allocator<std::__detail::_Hash_node_base*>::~allocator()
                0x0000000000003cf4                std::allocator<std::__detail::_Hash_node_base*>::~allocator()
 .text._ZNSt16allocator_traitsISaIPNSt8__detail15_Hash_node_baseEEE10deallocateERS3_PS2_m
                0x0000000000003d13       0x32 test.o
                0x0000000000003d13                std::allocator_traits<std::allocator<std::__detail::_Hash_node_base*> >::deallocate(std::allocator<std::__detail::_Hash_node_base*>&, std::__detail::_Hash_node_base**, unsigned long)
 .text._ZNSt8__detail21_Hashtable_ebo_helperILi1ESt4hashIiELb1EE7_S_cgetERKS3_
                0x0000000000003d45       0x12 test.o
                0x0000000000003d45                std::__detail::_Hashtable_ebo_helper<1, std::hash<int>, true>::_S_cget(std::__detail::_Hashtable_ebo_helper<1, std::hash<int>, true> const&)
 *fill*         0x0000000000003d57        0x1 
 .text._ZNKSt8__detail15_Hash_code_baseIiSt4pairIKiiENS_10_Select1stESt4hashIiENS_18_Mod_range_hashingENS_20_Default_ranged_hashELb0EE5_M_h2Ev
                0x0000000000003d58       0x1e test.o
                0x0000000000003d58                std::__detail::_Hash_code_base<int, std::pair<int const, int>, std::__detail::_Select1st, std::hash<int>, std::__detail::_Mod_range_hashing, std::__detail::_Default_ranged_hash, false>::_M_h2() const
 .text._ZNKSt8__detail15_Hashtable_baseIiSt4pairIKiiENS_10_Select1stESt8equal_toIiESt4hashIiENS_18_Mod_range_hashingENS_20_Default_ranged_hashENS_17_Hashtable_traitsILb0ELb0ELb1EEEE9_M_equalsERS2_mPNS_10_Hash_nodeIS3_Lb0EEE
                0x0000000000003d76       0x5f test.o
                0x0000000000003d76                std::__detail::_Hashtable_base<int, std::pair<int const, int>, std::__detail::_Select1st, std::equal_to<int>, std::hash<int>, std::__detail::_Mod_range_hashing, std::__detail::_Default_ranged_hash, std::__detail::_Hashtable_traits<false, false, true> >::_M_equals(int const&, unsigned long, std::__detail::_Hash_node<std::pair<int const, int>, false>*) const
 *fill*         0x0000000000003dd5        0x1 
 .text._ZNKSt10_HashtableIiSt4pairIKiiESaIS2_ENSt8__detail10_Select1stESt8equal_toIiESt4hashIiENS4_18_Mod_range_hashingENS4_20_Default_ranged_hashENS4_20_Prime_rehash_policyENS4_17_Hashtable_traitsILb0ELb0ELb1EEEE15_M_bucket_indexEPNS4_10_Hash_nodeIS2_Lb0EEE
                0x0000000000003dd6       0x31 test.o
                0x0000000000003dd6                std::_Hashtable<int, std::pair<int const, int>, std::allocator<std::pair<int const, int> >, std::__detail::_Select1st, std::equal_to<int>, std::hash<int>, std::__detail::_Mod_range_hashing, std::__detail::_Default_ranged_hash, std::__detail::_Prime_rehash_policy, std::__detail::_Hashtable_traits<false, false, true> >::_M_bucket_index(std::__detail::_Hash_node<std::pair<int const, int>, false>*) const
 *fill*         0x0000000000003e07        0x1 
 .text._ZNSt11_Tuple_implILm0EJOiEEC2IiEEOT_
                0x0000000000003e08       0x38 test.o
                0x0000000000003e08                std::_Tuple_impl<0ul, int&&>::_Tuple_impl<int>(int&&)
                0x0000000000003e08                std::_Tuple_impl<0ul, int&&>::_Tuple_impl<int>(int&&)
 .text._ZNSt11_Tuple_implILm0EJOiEE7_M_headERS1_
                0x0000000000003e40       0x1e test.o
                0x0000000000003e40                std::_Tuple_impl<0ul, int&&>::_M_head(std::_Tuple_impl<0ul, int&&>&)
 .text._ZSt7forwardIOiEOT_RNSt16remove_referenceIS1_E4typeE
                0x0000000000003e5e       0x12 test.o
                0x0000000000003e5e                int&& std::forward<int&&>(std::remove_reference<int&&>::type&)
 .text._ZNSt10_Head_baseILm0EOiLb0EEC2IiEEOT_
                0x0000000000003e70       0x2a test.o
                0x0000000000003e70                std::_Head_base<0ul, int&&, false>::_Head_base<int>(int&&)
                0x0000000000003e70                std::_Head_base<0ul, int&&, false>::_Head_base<int>(int&&)
 .text._ZNSt8__detail21_Hashtable_ebo_helperILi0ESaINS_10_Hash_nodeISt4pairIKiiELb0EEEELb1EE6_S_getERS7_
                0x0000000000003e9a       0x12 test.o
                0x0000000000003e9a                std::__detail::_Hashtable_ebo_helper<0, std::allocator<std::__detail::_Hash_node<std::pair<int const, int>, false> >, true>::_S_get(std::__detail::_Hashtable_ebo_helper<0, std::allocator<std::__detail::_Hash_node<std::pair<int const, int>, false> >, true>&)
 .text._ZN9__gnu_cxx13new_allocatorINSt8__detail10_Hash_nodeISt4pairIKiiELb0EEEE8allocateEmPKv
                0x0000000000003eac       0x46 test.o
                0x0000000000003eac                __gnu_cxx::new_allocator<std::__detail::_Hash_node<std::pair<int const, int>, false> >::allocate(unsigned long, void const*)
 .text._ZN9__gnu_cxx16__aligned_bufferISt4pairIKiiEE6_M_ptrEv
                0x0000000000003ef2       0x1e test.o
                0x0000000000003ef2                __gnu_cxx::__aligned_buffer<std::pair<int const, int> >::_M_ptr()
 .text._ZN9__gnu_cxx13new_allocatorINSt8__detail10_Hash_nodeISt4pairIKiiELb0EEEE9constructIS5_JRKSt21piecewise_construct_tSt5tupleIJOiEESC_IJEEEEEvPT_DpOT0_
                0x0000000000003f10       0xcb test.o
                0x0000000000003f10                void __gnu_cxx::new_allocator<std::__detail::_Hash_node<std::pair<int const, int>, false> >::construct<std::pair<int const, int>, std::piecewise_construct_t const&, std::tuple<int&&>, std::tuple<> >(std::pair<int const, int>*, std::piecewise_construct_t const&, std::tuple<int&&>&&, std::tuple<>&&)
 *fill*         0x0000000000003fdb        0x1 
 .text._ZN9__gnu_cxx13new_allocatorINSt8__detail10_Hash_nodeISt4pairIKiiELb0EEEE10deallocateEPS6_m
                0x0000000000003fdc       0x27 test.o
                0x0000000000003fdc                __gnu_cxx::new_allocator<std::__detail::_Hash_node<std::pair<int const, int>, false> >::deallocate(std::__detail::_Hash_node<std::pair<int const, int>, false>*, unsigned long)
 *fill*         0x0000000000004003        0x1 
 .text._ZNSt10_HashtableIiSt4pairIKiiESaIS2_ENSt8__detail10_Select1stESt8equal_toIiESt4hashIiENS4_18_Mod_range_hashingENS4_20_Default_ranged_hashENS4_20_Prime_rehash_policyENS4_17_Hashtable_traitsILb0ELb0ELb1EEEE13_M_rehash_auxEmSt17integral_constantIbLb1EE
                0x0000000000004004      0x179 test.o
                0x0000000000004004                std::_Hashtable<int, std::pair<int const, int>, std::allocator<std::pair<int const, int> >, std::__detail::_Select1st, std::equal_to<int>, std::hash<int>, std::__detail::_Mod_range_hashing, std::__detail::_Default_ranged_hash, std::__detail::_Prime_rehash_policy, std::__detail::_Hashtable_traits<false, false, true> >::_M_rehash_aux(unsigned long, std::integral_constant<bool, true>)
 .text._ZNSt8__detail21_Hashtable_ebo_helperILi0ENS_10_Select1stELb1EE6_S_getERS2_
                0x000000000000417d       0x12 test.o
                0x000000000000417d                std::__detail::_Hashtable_ebo_helper<0, std::__detail::_Select1st, true>::_S_get(std::__detail::_Hashtable_ebo_helper<0, std::__detail::_Select1st, true>&)
 .text._ZSt7forwardIRSt4pairIKiiEEOT_RNSt16remove_referenceIS4_E4typeE
                0x000000000000418f       0x12 test.o
                0x000000000000418f                std::pair<int const, int>& std::forward<std::pair<int const, int>&>(std::remove_reference<std::pair<int const, int>&>::type&)
 .text._ZSt3getILm0EKiiERNSt13tuple_elementIXT_ESt4pairIT0_T1_EE4typeERS5_
                0x00000000000041a1       0x1e test.o
                0x00000000000041a1                std::tuple_element<0ul, std::pair<int const, int> >::type& std::get<0ul, int const, int>(std::pair<int const, int>&)
 *fill*         0x00000000000041bf        0x1 
 .text._ZNSt10_Head_baseILm0ERKiLb0EEC2ES1_
                0x00000000000041c0       0x1e test.o
                0x00000000000041c0                std::_Head_base<0ul, int const&, false>::_Head_base(int const&)
                0x00000000000041c0                std::_Head_base<0ul, int const&, false>::_Head_base(int const&)
 .text._ZNSt5tupleIJRKiEEC2EOS2_
                0x00000000000041de       0x2a test.o
                0x00000000000041de                std::tuple<int const&>::tuple(std::tuple<int const&>&&)
                0x00000000000041de                std::tuple<int const&>::tuple(std::tuple<int const&>&&)
 .text._ZN9__gnu_cxx13new_allocatorINSt8__detail10_Hash_nodeISt4pairIKiiELb0EEEE9constructIS5_JRKSt21piecewise_construct_tSt5tupleIJRS4_EESC_IJEEEEEvPT_DpOT0_
                0x0000000000004208       0xcb test.o
                0x0000000000004208                void __gnu_cxx::new_allocator<std::__detail::_Hash_node<std::pair<int const, int>, false> >::construct<std::pair<int const, int>, std::piecewise_construct_t const&, std::tuple<int const&>, std::tuple<> >(std::pair<int const, int>*, std::piecewise_construct_t const&, std::tuple<int const&>&&, std::tuple<>&&)
 *fill*         0x00000000000042d3        0x1 
 .text._ZNKSt6vectorIiSaIiEE8max_sizeEv
                0x00000000000042d4       0x26 test.o
                0x00000000000042d4                std::vector<int, std::allocator<int> >::max_size() const
 .text._ZNSt6vectorIiSaIiEE14_S_do_relocateEPiS2_S2_RS0_St17integral_constantIbLb1EE
                0x00000000000042fa       0x36 test.o
                0x00000000000042fa                std::vector<int, std::allocator<int> >::_S_do_relocate(int*, int*, int*, std::allocator<int>&, std::integral_constant<bool, true>)
 .text._ZSt32__make_move_if_noexcept_iteratorIiSt13move_iteratorIPiEET0_PT_
                0x0000000000004330       0x4c test.o
                0x0000000000004330                std::move_iterator<int*> std::__make_move_if_noexcept_iterator<int, std::move_iterator<int*> >(int*)
 .text._ZSt22__uninitialized_copy_aISt13move_iteratorIPiES1_iET0_T_S4_S3_RSaIT1_E
                0x000000000000437c       0x35 test.o
                0x000000000000437c                int* std::__uninitialized_copy_a<std::move_iterator<int*>, int*, int>(std::move_iterator<int*>, std::move_iterator<int*>, int*, std::allocator<int>&)
 *fill*         0x00000000000043b1        0x1 
 .text._ZN9__gnu_cxx13new_allocatorIiE7destroyIiEEvPT_
                0x00000000000043b2       0x13 test.o
                0x00000000000043b2                void __gnu_cxx::new_allocator<int>::destroy<int>(int*)
 .text._ZNSt16allocator_traitsISaIiEE8max_sizeERKS0_
                0x00000000000043c5       0x1e test.o
                0x00000000000043c5                std::allocator_traits<std::allocator<int> >::max_size(std::allocator<int> const&)
 *fill*         0x00000000000043e3        0x1 
 .text._ZN9__gnu_cxx13new_allocatorIiE8allocateEmPKv
                0x00000000000043e4       0x46 test.o
                0x00000000000043e4                __gnu_cxx::new_allocator<int>::allocate(unsigned long, void const*)
 .text._ZNSt20__uninitialized_copyILb1EE13__uninit_copyIPKiPiEET0_T_S6_S5_
                0x000000000000442a       0x31 test.o
                0x000000000000442a                int* std::__uninitialized_copy<true>::__uninit_copy<int const*, int*>(int const*, int const*, int*)
 *fill*         0x000000000000445b        0x1 
 .text._ZN9__gnu_cxx13new_allocatorINSt8__detail10_Hash_nodeISt4pairIKiiELb0EEEE7destroyIS5_EEvPT_
                0x000000000000445c       0x13 test.o
                0x000000000000445c                void __gnu_cxx::new_allocator<std::__detail::_Hash_node<std::pair<int const, int>, false> >::destroy<std::pair<int const, int> >(std::pair<int const, int>*)
 .text._ZNSt14pointer_traitsIPNSt8__detail10_Hash_nodeISt4pairIKiiELb0EEEE10pointer_toERS5_
                0x000000000000446f       0x1e test.o
                0x000000000000446f                std::pointer_traits<std::__detail::_Hash_node<std::pair<int const, int>, false>*>::pointer_to(std::__detail::_Hash_node<std::pair<int const, int>, false>&)
 .text._ZSt9addressofIPNSt8__detail15_Hash_node_baseEEPT_RS3_
                0x000000000000448d       0x1e test.o
                0x000000000000448d                std::__detail::_Hash_node_base** std::addressof<std::__detail::_Hash_node_base*>(std::__detail::_Hash_node_base*&)
 *fill*         0x00000000000044ab        0x1 
 .text._ZN9__gnu_cxx13new_allocatorIPNSt8__detail15_Hash_node_baseEEC2Ev
                0x00000000000044ac        0xf test.o
                0x00000000000044ac                __gnu_cxx::new_allocator<std::__detail::_Hash_node_base*>::new_allocator()
                0x00000000000044ac                __gnu_cxx::new_allocator<std::__detail::_Hash_node_base*>::new_allocator()
 *fill*         0x00000000000044bb        0x1 
 .text._ZN9__gnu_cxx13new_allocatorIPNSt8__detail15_Hash_node_baseEED2Ev
                0x00000000000044bc        0xf test.o
                0x00000000000044bc                __gnu_cxx::new_allocator<std::__detail::_Hash_node_base*>::~new_allocator()
                0x00000000000044bc                __gnu_cxx::new_allocator<std::__detail::_Hash_node_base*>::~new_allocator()
 *fill*         0x00000000000044cb        0x1 
 .text._ZN9__gnu_cxx13new_allocatorIPNSt8__detail15_Hash_node_baseEE10deallocateEPS3_m
                0x00000000000044cc       0x27 test.o
                0x00000000000044cc                __gnu_cxx::new_allocator<std::__detail::_Hash_node_base*>::deallocate(std::__detail::_Hash_node_base**, unsigned long)
 .text._ZNSt8__detail21_Hashtable_ebo_helperILi2ENS_18_Mod_range_hashingELb1EE7_S_cgetERKS2_
                0x00000000000044f3       0x12 test.o
                0x00000000000044f3                std::__detail::_Hashtable_ebo_helper<2, std::__detail::_Mod_range_hashing, true>::_S_cget(std::__detail::_Hashtable_ebo_helper<2, std::__detail::_Mod_range_hashing, true> const&)
 .text._ZNSt8__detail13_Equal_helperIiSt4pairIKiiENS_10_Select1stESt8equal_toIiEmLb0EE9_S_equalsERKS6_RKS4_RS2_mPNS_10_Hash_nodeIS3_Lb0EEE
                0x0000000000004505       0x56 test.o
                0x0000000000004505                std::__detail::_Equal_helper<int, std::pair<int const, int>, std::__detail::_Select1st, std::equal_to<int>, unsigned long, false>::_S_equals(std::equal_to<int> const&, std::__detail::_Select1st const&, int const&, unsigned long, std::__detail::_Hash_node<std::pair<int const, int>, false>*)
 *fill*         0x000000000000455b        0x1 
 .text._ZNKSt8__detail15_Hashtable_baseIiSt4pairIKiiENS_10_Select1stESt8equal_toIiESt4hashIiENS_18_Mod_range_hashingENS_20_Default_ranged_hashENS_17_Hashtable_traitsILb0ELb0ELb1EEEE5_M_eqEv
                0x000000000000455c       0x1e test.o
                0x000000000000455c                std::__detail::_Hashtable_base<int, std::pair<int const, int>, std::__detail::_Select1st, std::equal_to<int>, std::hash<int>, std::__detail::_Mod_range_hashing, std::__detail::_Default_ranged_hash, std::__detail::_Hashtable_traits<false, false, true> >::_M_eq() const
 .text._ZNKSt8__detail15_Hash_code_baseIiSt4pairIKiiENS_10_Select1stESt4hashIiENS_18_Mod_range_hashingENS_20_Default_ranged_hashELb0EE10_M_extractEv
                0x000000000000457a       0x1e test.o
                0x000000000000457a                std::__detail::_Hash_code_base<int, std::pair<int const, int>, std::__detail::_Select1st, std::hash<int>, std::__detail::_Mod_range_hashing, std::__detail::_Default_ranged_hash, false>::_M_extract() const
 .text._ZNKSt8__detail15_Hash_code_baseIiSt4pairIKiiENS_10_Select1stESt4hashIiENS_18_Mod_range_hashingENS_20_Default_ranged_hashELb0EE15_M_bucket_indexEPKNS_10_Hash_nodeIS3_Lb0EEEm
                0x0000000000004598       0x8d test.o
                0x0000000000004598                std::__detail::_Hash_code_base<int, std::pair<int const, int>, std::__detail::_Select1st, std::hash<int>, std::__detail::_Mod_range_hashing, std::__detail::_Default_ranged_hash, false>::_M_bucket_index(std::__detail::_Hash_node<std::pair<int const, int>, false> const*, unsigned long) const
 .text._ZNSt10_Head_baseILm0EOiLb0EE7_M_headERS1_
                0x0000000000004625       0x15 test.o
                0x0000000000004625                std::_Head_base<0ul, int&&, false>::_M_head(std::_Head_base<0ul, int&&, false>&)
 .text._ZNK9__gnu_cxx13new_allocatorINSt8__detail10_Hash_nodeISt4pairIKiiELb0EEEE8max_sizeEv
                0x000000000000463a       0x18 test.o
                0x000000000000463a                __gnu_cxx::new_allocator<std::__detail::_Hash_node<std::pair<int const, int>, false> >::max_size() const
 .text._ZN9__gnu_cxx16__aligned_bufferISt4pairIKiiEE7_M_addrEv
                0x0000000000004652       0x12 test.o
                0x0000000000004652                __gnu_cxx::__aligned_buffer<std::pair<int const, int> >::_M_addr()
 .text._ZNSt4pairIKiiEC2IJOiEJEEESt21piecewise_construct_tSt5tupleIJDpT_EES5_IJDpT0_EE
                0x0000000000004664       0x51 test.o
                0x0000000000004664                std::pair<int const, int>::pair<int&&>(std::piecewise_construct_t, std::tuple<int&&>, std::tuple<>)
                0x0000000000004664                std::pair<int const, int>::pair<int&&>(std::piecewise_construct_t, std::tuple<int&&>, std::tuple<>)
 *fill*         0x00000000000046b5        0x1 
 .text._ZNSt10_HashtableIiSt4pairIKiiESaIS2_ENSt8__detail10_Select1stESt8equal_toIiESt4hashIiENS4_18_Mod_range_hashingENS4_20_Default_ranged_hashENS4_20_Prime_rehash_policyENS4_17_Hashtable_traitsILb0ELb0ELb1EEEE19_M_allocate_bucketsEm
                0x00000000000046b6       0x50 test.o
                0x00000000000046b6                std::_Hashtable<int, std::pair<int const, int>, std::allocator<std::pair<int const, int> >, std::__detail::_Select1st, std::equal_to<int>, std::hash<int>, std::__detail::_Mod_range_hashing, std::__detail::_Default_ranged_hash, std::__detail::_Prime_rehash_policy, std::__detail::_Hashtable_traits<false, false, true> >::_M_allocate_buckets(unsigned long)
 .text._ZNSt10__pair_getILm0EE5__getIKiiEERT_RSt4pairIS3_T0_E
                0x0000000000004706       0x12 test.o
                0x0000000000004706                int const& std::__pair_get<0ul>::__get<int const, int>(std::pair<int const, int>&)
 .text._ZNSt11_Tuple_implILm0EJRKiEEC2EOS2_
                0x0000000000004718       0x40 test.o
                0x0000000000004718                std::_Tuple_impl<0ul, int const&>::_Tuple_impl(std::_Tuple_impl<0ul, int const&>&&)
                0x0000000000004718                std::_Tuple_impl<0ul, int const&>::_Tuple_impl(std::_Tuple_impl<0ul, int const&>&&)
 .text._ZNSt4pairIKiiEC2IJRS0_EJEEESt21piecewise_construct_tSt5tupleIJDpT_EES5_IJDpT0_EE
                0x0000000000004758       0x51 test.o
                0x0000000000004758                std::pair<int const, int>::pair<int const&>(std::piecewise_construct_t, std::tuple<int const&>, std::tuple<>)
                0x0000000000004758                std::pair<int const, int>::pair<int const&>(std::piecewise_construct_t, std::tuple<int const&>, std::tuple<>)
 *fill*         0x00000000000047a9        0x1 
 .text._ZNKSt12_Vector_baseIiSaIiEE19_M_get_Tp_allocatorEv
                0x00000000000047aa       0x12 test.o
                0x00000000000047aa                std::_Vector_base<int, std::allocator<int> >::_M_get_Tp_allocator() const
 .text._ZSt12__relocate_aIPiS0_SaIiEET0_T_S3_S2_RT1_
                0x00000000000047bc       0x67 test.o
                0x00000000000047bc                int* std::__relocate_a<int*, int*, std::allocator<int> >(int*, int*, int*, std::allocator<int>&)
 *fill*         0x0000000000004823        0x1 
 .text._ZNSt13move_iteratorIPiEC2ES0_
                0x0000000000004824       0x1e test.o
                0x0000000000004824                std::move_iterator<int*>::move_iterator(int*)
                0x0000000000004824                std::move_iterator<int*>::move_iterator(int*)
 .text._ZSt18uninitialized_copyISt13move_iteratorIPiES1_ET0_T_S4_S3_
                0x0000000000004842       0x35 test.o
                0x0000000000004842                int* std::uninitialized_copy<std::move_iterator<int*>, int*>(std::move_iterator<int*>, std::move_iterator<int*>, int*)
 *fill*         0x0000000000004877        0x1 
 .text._ZNK9__gnu_cxx13new_allocatorIiE8max_sizeEv
                0x0000000000004878       0x18 test.o
                0x0000000000004878                __gnu_cxx::new_allocator<int>::max_size() const
 .text._ZSt4copyIPKiPiET0_T_S4_S3_
                0x0000000000004890       0x50 test.o
                0x0000000000004890                int* std::copy<int const*, int*>(int const*, int const*, int*)
 .text._ZSt9addressofINSt8__detail10_Hash_nodeISt4pairIKiiELb0EEEEPT_RS6_
                0x00000000000048e0       0x1e test.o
                0x00000000000048e0                std::__detail::_Hash_node<std::pair<int const, int>, false>* std::addressof<std::__detail::_Hash_node<std::pair<int const, int>, false> >(std::__detail::_Hash_node<std::pair<int const, int>, false>&)
 .text._ZSt11__addressofIPNSt8__detail15_Hash_node_baseEEPT_RS3_
                0x00000000000048fe       0x12 test.o
                0x00000000000048fe                std::__detail::_Hash_node_base** std::__addressof<std::__detail::_Hash_node_base*>(std::__detail::_Hash_node_base*&)
 .text._ZNKSt8equal_toIiEclERKiS2_
                0x0000000000004910       0x27 test.o
                0x0000000000004910                std::equal_to<int>::operator()(int const&, int const&) const
 .text._ZNSt8__detail21_Hashtable_ebo_helperILi0ESt8equal_toIiELb1EE7_S_cgetERKS3_
                0x0000000000004937       0x12 test.o
                0x0000000000004937                std::__detail::_Hashtable_ebo_helper<0, std::equal_to<int>, true>::_S_cget(std::__detail::_Hashtable_ebo_helper<0, std::equal_to<int>, true> const&)
 .text._ZNSt8__detail21_Hashtable_ebo_helperILi0ENS_10_Select1stELb1EE7_S_cgetERKS2_
                0x0000000000004949       0x12 test.o
                0x0000000000004949                std::__detail::_Hashtable_ebo_helper<0, std::__detail::_Select1st, true>::_S_cget(std::__detail::_Hashtable_ebo_helper<0, std::__detail::_Select1st, true> const&)
 *fill*         0x000000000000495b        0x1 
 .text._ZNKSt8__detail21_Hash_node_value_baseISt4pairIKiiEE4_M_vEv
                0x000000000000495c       0x1e test.o
                0x000000000000495c                std::__detail::_Hash_node_value_base<std::pair<int const, int> >::_M_v() const
 .text._ZNKSt8__detail10_Select1stclIRKSt4pairIKiiEEEDTcl3getILi0EEcl7forwardIT_Efp_EEEOS7_
                0x000000000000497a       0x2a test.o
                0x000000000000497a                decltype ((get<0>)((forward<std::pair<int const, int> const&>)({parm#1}))) std::__detail::_Select1st::operator()<std::pair<int const, int> const&>(std::pair<int const, int> const&) const
 .text._ZNSt4pairIKiiEC2IJOiEJLm0EEJEJEEERSt5tupleIJDpT_EERS4_IJDpT1_EESt12_Index_tupleIJXspT0_EEESD_IJXspT2_EEE
                0x00000000000049a4       0x42 test.o
                0x00000000000049a4                std::pair<int const, int>::pair<int&&, 0ul>(std::tuple<int&&>&, std::tuple<>&, std::_Index_tuple<0ul>, std::_Index_tuple<>)
                0x00000000000049a4                std::pair<int const, int>::pair<int&&, 0ul>(std::tuple<int&&>&, std::tuple<>&, std::_Index_tuple<0ul>, std::_Index_tuple<>)
 .text._ZNSt8__detail16_Hashtable_allocISaINS_10_Hash_nodeISt4pairIKiiELb0EEEEE19_M_allocate_bucketsEm
                0x00000000000049e6       0xd4 test.o
                0x00000000000049e6                std::__detail::_Hashtable_alloc<std::allocator<std::__detail::_Hash_node<std::pair<int const, int>, false> > >::_M_allocate_buckets(unsigned long)
 .text._ZNSt11_Tuple_implILm0EJRKiEE7_M_headERS2_
                0x0000000000004aba       0x1e test.o
                0x0000000000004aba                std::_Tuple_impl<0ul, int const&>::_M_head(std::_Tuple_impl<0ul, int const&>&)
 .text._ZSt7forwardIRKiEOT_RNSt16remove_referenceIS2_E4typeE
                0x0000000000004ad8       0x12 test.o
                0x0000000000004ad8                int const& std::forward<int const&>(std::remove_reference<int const&>::type&)
 .text._ZNSt4pairIKiiEC2IJRS0_EJLm0EEJEJEEERSt5tupleIJDpT_EERS4_IJDpT1_EESt12_Index_tupleIJXspT0_EEESD_IJXspT2_EEE
                0x0000000000004aea       0x42 test.o
                0x0000000000004aea                std::pair<int const, int>::pair<int const&, 0ul>(std::tuple<int const&>&, std::tuple<>&, std::_Index_tuple<0ul>, std::_Index_tuple<>)
                0x0000000000004aea                std::pair<int const, int>::pair<int const&, 0ul>(std::tuple<int const&>&, std::tuple<>&, std::_Index_tuple<0ul>, std::_Index_tuple<>)
 .text._ZSt12__niter_baseIPiET_S1_
                0x0000000000004b2c       0x12 test.o
                0x0000000000004b2c                int* std::__niter_base<int*>(int*)
 .text._ZSt14__relocate_a_1IiiENSt9enable_ifIXsrSt24__is_bitwise_relocatableIT_vE5valueEPS2_E4typeES4_S4_S4_RSaIT0_E
                0x0000000000004b3e       0x67 test.o
                0x0000000000004b3e                std::enable_if<std::__is_bitwise_relocatable<int, void>::value, int*>::type std::__relocate_a_1<int, int>(int*, int*, int*, std::allocator<int>&)
 .text._ZNSt20__uninitialized_copyILb1EE13__uninit_copyISt13move_iteratorIPiES3_EET0_T_S6_S5_
                0x0000000000004ba5       0x31 test.o
                0x0000000000004ba5                int* std::__uninitialized_copy<true>::__uninit_copy<std::move_iterator<int*>, int*>(std::move_iterator<int*>, std::move_iterator<int*>, int*)
 .text._ZSt12__miter_baseIPKiET_S2_
                0x0000000000004bd6       0x12 test.o
                0x0000000000004bd6                int const* std::__miter_base<int const*>(int const*)
 .text._ZSt14__copy_move_a2ILb0EPKiPiET1_T0_S4_S3_
                0x0000000000004be8       0x6e test.o
                0x0000000000004be8                int* std::__copy_move_a2<false, int const*, int*>(int const*, int const*, int*)
 .text._ZSt11__addressofINSt8__detail10_Hash_nodeISt4pairIKiiELb0EEEEPT_RS6_
                0x0000000000004c56       0x12 test.o
                0x0000000000004c56                std::__detail::_Hash_node<std::pair<int const, int>, false>* std::__addressof<std::__detail::_Hash_node<std::pair<int const, int>, false> >(std::__detail::_Hash_node<std::pair<int const, int>, false>&)
 .text._ZNKSt8__detail21_Hash_node_value_baseISt4pairIKiiEE9_M_valptrEv
                0x0000000000004c68       0x22 test.o
                0x0000000000004c68                std::__detail::_Hash_node_value_base<std::pair<int const, int> >::_M_valptr() const
 .text._ZSt7forwardIRKSt4pairIKiiEEOT_RNSt16remove_referenceIS5_E4typeE
                0x0000000000004c8a       0x12 test.o
                0x0000000000004c8a                std::pair<int const, int> const& std::forward<std::pair<int const, int> const&>(std::remove_reference<std::pair<int const, int> const&>::type&)
 .text._ZSt3getILm0EKiiERKNSt13tuple_elementIXT_ESt4pairIT0_T1_EE4typeERKS5_
                0x0000000000004c9c       0x1e test.o
                0x0000000000004c9c                std::tuple_element<0ul, std::pair<int const, int> >::type const& std::get<0ul, int const, int>(std::pair<int const, int> const&)
 .text._ZSt3getILm0EJOiEERNSt13tuple_elementIXT_ESt5tupleIJDpT0_EEE4typeERS5_
                0x0000000000004cba       0x1e test.o
                0x0000000000004cba                std::tuple_element<0ul, std::tuple<int&&> >::type& std::get<0ul, int&&>(std::tuple<int&&>&)
 .text._ZNSt16allocator_traitsISaIPNSt8__detail15_Hash_node_baseEEE8allocateERS3_m
                0x0000000000004cd8       0x2e test.o
                0x0000000000004cd8                std::allocator_traits<std::allocator<std::__detail::_Hash_node_base*> >::allocate(std::allocator<std::__detail::_Hash_node_base*>&, unsigned long)
 .text._ZSt12__to_addressIPNSt8__detail15_Hash_node_baseEEPT_S4_
                0x0000000000004d06       0x12 test.o
                0x0000000000004d06                std::__detail::_Hash_node_base** std::__to_address<std::__detail::_Hash_node_base*>(std::__detail::_Hash_node_base**)
 .text._ZNSt10_Head_baseILm0ERKiLb0EE7_M_headERS2_
                0x0000000000004d18       0x15 test.o
                0x0000000000004d18                std::_Head_base<0ul, int const&, false>::_M_head(std::_Head_base<0ul, int const&, false>&)
 .text._ZSt3getILm0EJRKiEERNSt13tuple_elementIXT_ESt5tupleIJDpT0_EEE4typeERS6_
                0x0000000000004d2d       0x1e test.o
                0x0000000000004d2d                std::tuple_element<0ul, std::tuple<int const&> >::type& std::get<0ul, int const&>(std::tuple<int const&>&)
 .text._ZSt4copyISt13move_iteratorIPiES1_ET0_T_S4_S3_
                0x0000000000004d4b       0x50 test.o
                0x0000000000004d4b                int* std::copy<std::move_iterator<int*>, int*>(std::move_iterator<int*>, std::move_iterator<int*>, int*)
 .text._ZSt12__niter_baseIPKiET_S2_
                0x0000000000004d9b       0x12 test.o
                0x0000000000004d9b                int const* std::__niter_base<int const*>(int const*)
 .text._ZSt13__copy_move_aILb0EPKiPiET1_T0_S4_S3_
                0x0000000000004dad       0x35 test.o
                0x0000000000004dad                int* std::__copy_move_a<false, int const*, int*>(int const*, int const*, int*)
 .text._ZSt12__niter_wrapIPiET_RKS1_S1_
                0x0000000000004de2       0x16 test.o
                0x0000000000004de2                int* std::__niter_wrap<int*>(int* const&, int*)
 .text._ZNK9__gnu_cxx16__aligned_bufferISt4pairIKiiEE6_M_ptrEv
                0x0000000000004df8       0x1e test.o
                0x0000000000004df8                __gnu_cxx::__aligned_buffer<std::pair<int const, int> >::_M_ptr() const
 .text._ZNSt10__pair_getILm0EE11__const_getIKiiEERKT_RKSt4pairIS3_T0_E